<?xml version="1.0" encoding="UTF-8"?>
<report xmlns="http://www.eclipse.org/birt/2005/design" version="3.2.23" id="1">
    <data-sources>
        <oda-data-source extensionID="org.eclipse.birt.report.data.oda.jdbc" name="Data Source" id="18">
            <property name="odaDriverClass">org.eclipse.birt.report.data.oda.sampledb.Driver</property>
            <property name="odaURL">jdbc:classicmodels:sampledb</property>
            <property name="odaUser">ClassicModels</property>
        </oda-data-source>
        <oda-data-source extensionID="org.eclipse.birt.report.data.oda.jdbc" name="Data Source1" id="20">
        	<property name="externalConnectionName">Data Source</property>
            <property name="odaDriverClass">org.eclipse.birt.report.data.oda.sampledb.Driver</property>
            <property name="odaURL">jdbc:classicmodels:sampledb</property>
            <property name="odaUser">ClassicModels</property>
        </oda-data-source>
    </data-sources>
    <data-sets>
        <oda-data-set extensionID="org.eclipse.birt.report.data.oda.jdbc.JdbcSelectDataSet" name="Data Set" id="17">
            <property name="dataSource">Data Source1</property>
        </oda-data-set>
        <oda-data-set extensionID="org.eclipse.birt.report.data.oda.jdbc.JdbcSelectDataSet" name="Data Set1" id="25">
            <property name="dataSource">Data Source1</property>
        </oda-data-set>
    </data-sets>
    <cubes>
        <tabular-cube name="Customer Cube" id="6">
            <property name="dimensions">
                <tabular-dimension name="Group" id="9">
                    <property name="defaultHierarchy">NewTabularHierarchy</property>
                    <property name="hierarchies">
                        <tabular-hierarchy name="NewTabularHierarchy" id="10">
                            <property name="levels">
                                <tabular-level name="CUSTOMERNUMBER" id="11">
                                    <property name="dataType">integer</property>
                                    <property name="interval">none</property>
                                    <property name="levelType">dynamic</property>
                                    <property name="columnName">CUSTOMERNUMBER</property>
                                </tabular-level>
                            </property>
                            <property name="dataSet">Data Set1</property>
                        </tabular-hierarchy>
                    </property>
                </tabular-dimension>
                <tabular-dimension name="Group1" id="13">
                    <property name="defaultHierarchy">NewTabularHierarchy1</property>
                    <property name="hierarchies">
                        <tabular-hierarchy name="NewTabularHierarchy1" id="14">
                            <property name="levels">
                                <tabular-level name="COUNTRY" id="15">
                                    <property name="dataType">string</property>
                                    <property name="interval">none</property>
                                    <property name="levelType">dynamic</property>
                                    <property name="columnName">COUNTRY</property>
                                </tabular-level>
                            </property>
                            <property name="dataSet">Data Set1</property>
                        </tabular-hierarchy>
                    </property>
                </tabular-dimension>
            </property>
            <property name="measureGroups">
                <tabular-measure-group name="Summary Field" id="8">
                    <property name="measures">
                        <tabular-measure name="CREDITLIMIT" id="16">
                            <property name="function">sum</property>
                            <expression name="measureExpression">dataSetRow["CREDITLIMIT"]</expression>
                            <property name="dataType">float</property>
                        </tabular-measure>
                    </property>
                </tabular-measure-group>
            </property>
            <property name="dataSet">Data Set1</property>
        </tabular-cube>
        <tabular-cube name="Customer Cube1" id="21">
            <property name="dimensions">
                <tabular-dimension name="Group2" id="22">
                    <property name="defaultHierarchy">NewTabularHierarchy2</property>
                    <property name="hierarchies">
                        <tabular-hierarchy name="NewTabularHierarchy2" id="23">
                            <property name="levels">
                                <tabular-level name="CUSTOMERNUMBER" id="24">
                                    <property name="dataType">integer</property>
                                    <property name="interval">none</property>
                                    <property name="levelType">dynamic</property>
                                    <property name="columnName">CUSTOMERNUMBER</property>
                                </tabular-level>
                            </property>
                            <property name="dataSet">Data Set1</property>
                        </tabular-hierarchy>
                    </property>
                </tabular-dimension>
                <tabular-dimension name="Group11" id="26">
                    <property name="defaultHierarchy">NewTabularHierarchy11</property>
                    <property name="hierarchies">
                        <tabular-hierarchy name="NewTabularHierarchy11" id="27">
                            <property name="levels">
                                <tabular-level name="COUNTRY" id="28">
                                    <property name="dataType">string</property>
                                    <property name="interval">none</property>
                                    <property name="levelType">dynamic</property>
                                    <property name="columnName">COUNTRY</property>
                                </tabular-level>
                            </property>
                            <property name="dataSet">Data Set1</property>
                        </tabular-hierarchy>
                    </property>
                </tabular-dimension>
            </property>
            <property name="measureGroups">
                <tabular-measure-group name="Summary Field1" id="29">
                    <property name="measures">
                        <tabular-measure name="CREDITLIMIT1" id="30">
                            <property name="function">sum</property>
                            <expression name="measureExpression">dataSetRow["CREDITLIMIT"]</expression>
                            <property name="dataType">float</property>
                        </tabular-measure>
                    </property>
                </tabular-measure-group>
            </property>
            <property name="dataSet">Data Set1</property>
        </tabular-cube>
    </cubes>
    <body>
        <extended-item extensionName="TestingTable" name="NewExtension Table" id="19">
            <property name="cube">Customer Cube1</property>
            <property name="level">Group2/CUSTOMERNUMBER</property>            
        </extended-item>
    </body>
</report>