<?xml version="1.0" encoding="UTF-8"?>
<report xmlns="http://www.eclipse.org/birt/2005/design" version="3.2.23" id="1">
	<property name="theme">EdgeTheme-styles</property>
    <list-property name="cssStyleSheets">
        <structure>
            <property name="fileName">blue.css</property>
            <property name="useExternalCss">false</property>
        </structure>
    </list-property>
    <data-sources>
        <oda-data-source extensionID="org.eclipse.birt.report.data.oda.jdbc" name="Data Source" id="4">
            <property name="odaDriverClass">org.eclipse.birt.report.data.oda.sampledb.Driver</property>
            <property name="odaURL">jdbc:classicmodels:sampledb</property>
            <property name="odaUser">ClassicModels</property>
        </oda-data-source>
    </data-sources>
    <data-sets>
        <oda-data-set extensionID="org.eclipse.birt.report.data.oda.jdbc.JdbcSelectDataSet" name="Data Set" id="5">
            <list-property name="parameters">
                <structure>
                    <property name="name">param1</property>
                    <property name="paramName">NewParameter</property>
                    <property name="nativeName"></property>
                    <property name="dataType">integer</property>
                    <property name="nativeDataType">4</property>
                    <property name="position">1</property>
                    <expression name="defaultValue">params["NewParameter"]</expression>
                    <property name="isInput">true</property>
                </structure>
            </list-property>
            <structure name="cachedMetaData">
                <list-property name="resultSet">
                    <structure>
                        <property name="position">1</property>
                        <property name="name">CUSTOMERNUMBER</property>
                        <property name="dataType">integer</property>
                    </structure>
                    <structure>
                        <property name="position">2</property>
                        <property name="name">CUSTOMERNAME</property>
                        <property name="dataType">string</property>
                    </structure>
                    <structure>
                        <property name="position">3</property>
                        <property name="name">CONTACTLASTNAME</property>
                        <property name="dataType">string</property>
                    </structure>
                </list-property>
            </structure>
            <property name="dataSource">Data Source</property>            
            <list-property name="resultSet">
                <structure>
                    <property name="position">1</property>
                    <property name="name">CUSTOMERNUMBER</property>
                    <property name="nativeName">CUSTOMERNUMBER</property>
                    <property name="dataType">integer</property>
                    <property name="nativeDataType">4</property>
                </structure>
                <structure>
                    <property name="position">2</property>
                    <property name="name">CUSTOMERNAME</property>
                    <property name="nativeName">CUSTOMERNAME</property>
                    <property name="dataType">string</property>
                    <property name="nativeDataType">12</property>
                </structure>
                <structure>
                    <property name="position">3</property>
                    <property name="name">CONTACTLASTNAME</property>
                    <property name="nativeName">CONTACTLASTNAME</property>
                    <property name="dataType">string</property>
                    <property name="nativeDataType">12</property>
                </structure>
            </list-property>
        </oda-data-set>
    </data-sets>
    <styles>
        <style name="report" id="73">
            <property name="fontFamily">"Tahoma", "Arial", sans-serif</property>
            <property name="fontSize">13pt</property>
            <property name="fontWeight">bold</property>
            <property name="textAlign">left</property>
            <property name="verticalAlign">top</property>
        </style>
        <style name="table-group-header-1" id="77">
            <property name="fontFamily">"verdana"</property>
            <property name="fontSize">medium</property>
            <property name="fontWeight">bold</property>
            <property name="color">#FFFFE0</property>
        </style>
        <style name="table-group-header-2" id="78">
            <property name="fontFamily">"verdana"</property>
            <property name="fontSize">small</property>
            <property name="fontWeight">bold</property>
            <property name="color">#FFFFE0</property>
        </style>
        <style name="table" id="79">
            <property name="color">#000000</property>
        </style>
        <style name="table-header" id="80">
            <property name="fontSize">13pt</property>
            <property name="fontWeight">bold</property>
            <property name="color">#003F77</property>
            <property name="borderBottomColor">#8B0111</property>
            <property name="borderBottomStyle">solid</property>
            <property name="borderBottomWidth">0pt</property>
            <property name="orphans">0</property>
            <property name="widows">0</property>
        </style>
        <style name="table-footer" id="81"/>
        <style name="table-detail" id="82">
            <property name="backgroundColor">#FFFFFF</property>
            <property name="fontSize">8pt</property>
            <property name="fontWeight">normal</property>
            <property name="color">#000000</property>
            <property name="paddingTop">1pt</property>
            <property name="paddingLeft">2pt</property>
            <property name="paddingBottom">1pt</property>
            <property name="paddingRight">2pt</property>
            <structure name="dateTimeFormat">
                <property name="category">Short Date</property>
                <property name="pattern">Short Date</property>
            </structure>
            <list-property name="highlightRules">
                <structure>
                    <property name="operator">eq</property>
                    <property name="backgroundColor">#E6EBD1</property>
                    <expression name="testExpr">Total.runningCount() % 2</expression>
                    <simple-property-list name="value1">
                    	<value>0</value>
                    </simple-property-list>
                </structure>
            </list-property>
        </style>
        <style name="list-header" id="83"/>
        <style name="list-footer" id="84"/>
        <style name="list-detail" id="85"/>
        <style name="page" id="86">
            <property name="fontSize">8pt</property>
            <property name="fontWeight">lighter</property>
            <property name="fontStyle">italic</property>
            <property name="color">#77766F</property>
        </style>
        <style name="chart" id="87">
            <property name="fontFamily">"Tahoma"</property>
            <property name="fontSize">10pt</property>
            <property name="fontWeight">normal</property>
            <property name="color">#002D5C</property>
        </style>
        <style name="label" id="88"/>
        <style name="text" id="89"/>
        <style name="grid" id="90"/>
    </styles>
    <themes>
		<theme name="EdgeTheme-styles" id="91"/>
	</themes>
    <page-setup>
        <simple-master-page name="Simple MasterPage" id="2">
            <page-footer>
                <text id="3">
                    <property name="contentType">html</property>
                    <text-property name="content"><![CDATA[<value-of>new Date()</value-of>]]></text-property>
                </text>
            </page-footer>
        </simple-master-page>
    </page-setup>
    <body>
        <table id="76">
            <property name="width">100%</property>
            <property name="dataSet">Data Set</property>
            <list-property name="boundDataColumns">
                <structure>
                    <property name="name">CUSTOMERNUMBER</property>
                    <expression name="expression">dataSetRow["CUSTOMERNUMBER"]</expression>
                    <property name="dataType">integer</property>
                </structure>
                <structure>
                    <property name="name">CUSTOMERNAME</property>
                    <expression name="expression">dataSetRow["CUSTOMERNAME"]</expression>
                    <property name="dataType">string</property>
                </structure>
                <structure>
                    <property name="name">CONTACTLASTNAME</property>
                    <expression name="expression">dataSetRow["CONTACTLASTNAME"]</expression>
                    <property name="dataType">string</property>
                </structure>
            </list-property>
            <column id="25"/>
            <column id="26"/>
            <column id="27"/>
            <header>
                <row id="7">
                    <cell id="8">
                        <label id="9">
                            <text-property name="text">CUSTOMERNUMBER</text-property>
                        </label>
                    </cell>
                    <cell id="10">
                        <label id="11">
                            <text-property name="text">CUSTOMERNAME</text-property>
                        </label>
                    </cell>
                    <cell id="12">
                        <label id="13">
                            <text-property name="text">CONTACTLASTNAME</text-property>
                        </label>
                    </cell>
                </row>
            </header>
            <detail>
                <row id="14">
                    <cell id="15">
                        <data id="16">
                            <property name="resultSetColumn">CUSTOMERNUMBER</property>
                        </data>
                    </cell>
                    <cell id="17">
                        <data id="18">
                            <property name="resultSetColumn">CUSTOMERNAME</property>
                        </data>
                    </cell>
                    <cell id="19">
                        <data id="20">
                            <property name="resultSetColumn">CONTACTLASTNAME</property>
                        </data>
                    </cell>
                </row>
            </detail>
            <footer>
                <row id="21">
                    <cell id="22"/>
                    <cell id="23"/>
                    <cell id="24"/>
                </row>
            </footer>
        </table>
    </body>
</report>
