<?xml version="1.0" encoding="UTF-8"?>
<report xmlns="http://www.eclipse.org/birt/2005/design" version="3.2.23" id="1">
	<property name="theme">theme1-Lib1</property>
    <parameters>
        <scalar-parameter name="param1" id="10"/>
    </parameters>
    <data-sources>
        <script-data-source name="dataSource1" id="11">
            <method name="beforeOpen"><![CDATA[script_beforeopen]]></method>
            <method name="beforeClose"><![CDATA[script_beforeclose]]></method>
            <method name="afterOpen"><![CDATA[script_afteropen]]></method>
            <method name="afterClose"><![CDATA[script_afterclose]]></method>
            <method name="open"><![CDATA[script_open]]></method>
            <method name="close"><![CDATA[script_close]]></method>
        </script-data-source>
    </data-sources>
    <data-sets>
        <script-data-set name="dataSet1" id="12">
            <property name="dataSource">dataSource1</property>
            <method name="open"><![CDATA[open script]]></method>
            <method name="describe"><![CDATA[describe script]]></method>
            <method name="fetch"><![CDATA[fetch script]]></method>
            <method name="close"><![CDATA[close script]]></method>
        </script-data-set>
        <script-data-set name="dataSet2" id="13">
            <property name="dataSource">dataSource1</property>
            <method name="open"><![CDATA[open script]]></method>
            <method name="describe"><![CDATA[describe script]]></method>
            <method name="fetch"><![CDATA[fetch script]]></method>
            <method name="close"><![CDATA[close script]]></method>
        </script-data-set>
        <joint-data-set name="jointDataSet" id="14">
            <simple-property-list name="dataSets">
                <value>dataSet1</value>
                <value>dataSet2</value>
            </simple-property-list>
            <list-property name="joinConditions">
                <structure>
                    <property name="joinType">inner</property>
                    <property name="joinOperator">eq</property>
                    <property name="leftDataSet">dataSet1</property>
                    <property name="rightDataSet">dataSet2</property>
                    <expression name="leftExpression">leftExpression</expression>
                    <expression name="rightExpression">rightExpression</expression>
                </structure>
            </list-property>
        </joint-data-set>
    </data-sets>
    <styles>
        <style name="new_style" id="4">
            <property name="fontFamily">"Arial"</property>
        </style>
        <style name="grid" id="15">
            <property name="fontWeight">bolder</property>
            <property name="color">green</property>
        </style>
    </styles>
    <themes>
		<theme name="theme1-Lib1" id="16"/>
	</themes>
    <body>
        <label name="label" id="8">
            <property name="backgroundColor">red</property>
            <property name="fontFamily">"Times"</property>
            <property name="fontSize">14mm</property>
            <property name="fontWeight">bold</property>
            <property name="color">red</property>
            <property name="dataSet">jointDataSet</property>
            <text-property name="text">base label in library</text-property>
        </label>
        <grid name="MyGrid1" id="9"/>
    </body>
</report>
