<?xml version="1.0" encoding="UTF-8"?>
<report xmlns="http://www.eclipse.org/birt/2005/design" version="3.2.23" id="1">
	<property name="theme">lib1.theme1</property>
    <data-sources>
        <oda-data-source name="myDataSource" id="3"/>
        <oda-data-source name="myDataSource2" id="4"/>
    </data-sources>
    <data-sets>
        <oda-data-set name="firstDataSet" id="5">
            <property name="dataSource">myDataSource</property>
        </oda-data-set>
    </data-sets>
    <styles>
        <style name="My-Style" id="2"/>
    </styles>
    <page-setup>
        <graphic-master-page name="My Page" id="6">
            <property name="topMargin">0.95mm</property>
            <property name="leftMargin">0.8mm</property>
            <property name="bottomMargin">0.75mm</property>
            <property name="rightMargin">0.9mm</property>
            <property name="columns">1</property>
            <property name="columnSpacing">0.25mm</property>
            <contents>
                <label name="label1" id="7">
                    <property name="height">0.25mm</property>
                    <property name="width">2mm</property>
                    <property name="x">1mm</property>
                    <property name="y">0.5mm</property>                    
                    <text-property name="text">First Page</text-property>
                </label>
            </contents>
        </graphic-master-page>
    </page-setup>
    <body>
        <extended-item extensionName="TestingMatrix" name="testMatrix" id="8">
            <property name="test1">2in</property>
            <property name="test2">22</property>
            <xml-property name="test3"><![CDATA[type=bar,xScale=2,yScale=3,lineStyle=normal,script=internalScript]]></xml-property>
            <property name="test5">choice1</property>
            <method name="afterCloseDoc"><![CDATA[script of afterCloseDoc]]></method>
            <method name="test8"><![CDATA[org_script]]></method>
            <property name="dataSet">firstDataSet</property>
            <property name="x">1.2mm</property>
        </extended-item>
        <label name="my label" id="9"/>
        <extended-item extensionName="TestingBox" name="testBox" id="10">
            <property name="dataSet">firstDataSet</property>
            <property name="x">1.2mm</property>
            <property name="y">11.2mm</property>
        </extended-item>
        <table name="my new table" id="11">
			<list-property name="sort">
                <structure>
                    <expression name="key">age</expression>
                    <property name="direction">asc</property>
                </structure>
            </list-property>	
        </table>
    </body>
</report>
