<?xml version="1.0" encoding="UTF-8"?>
<report xmlns="http://www.eclipse.org/birt/2005/design" version="3.2.17" id="1">
    <styles>
        <style name="crosstab" id="2">
            <property name="borderBottomColor">#CCCCCC</property>
            <property name="borderBottomStyle">solid</property>
            <property name="borderBottomWidth">1pt</property>
            <property name="borderLeftColor">#CCCCCC</property>
            <property name="borderLeftStyle">solid</property>
            <property name="borderLeftWidth">1pt</property>
            <property name="borderRightColor">#CCCCCC</property>
            <property name="borderRightStyle">solid</property>
            <property name="borderRightWidth">1pt</property>
            <property name="borderTopColor">#CCCCCC</property>
            <property name="borderTopStyle">solid</property>
            <property name="borderTopWidth">1pt</property>
        </style>
        <style name="crosstab-cell" id="3">
            <property name="borderBottomColor">#CCCCCC</property>
            <property name="borderBottomStyle">solid</property>
            <property name="borderBottomWidth">1pt</property>
            <property name="borderLeftColor">#CCCCCC</property>
            <property name="borderLeftStyle">solid</property>
            <property name="borderLeftWidth">1pt</property>
            <property name="borderRightColor">#CCCCCC</property>
            <property name="borderRightStyle">solid</property>
            <property name="borderRightWidth">1pt</property>
            <property name="borderTopColor">#CCCCCC</property>
            <property name="borderTopStyle">solid</property>
            <property name="borderTopWidth">1pt</property>
        </style>
    </styles>
    <body>
        <image name="img1" id="4">
            <property name="source">file</property>
            <expression name="uri">"images/pic1.jpg"</expression>
        </image>
        <image name="img11" id="5">
            <property name="source">url</property>
            <expression name="uri">"http://www.google.com/intl/en/images/logo.gif"</expression>
        </image>
    </body>
</report>
