*****A new Report Start!*****
S:0 E:0 9    US    California    Hollywood    20    6    5    1    83.0    false    

