*****A new Report Start!*****
S:0 E:2 14    China    Jiangshu    Nanjing    32    8    4    3    273.0    true    
S:2 E:0 5    China    Sichuan    Chengdu    50    8    2    1    273.0    true    

