*****A new Report Start!*****
S:0 E:2 4    China    Jiangshu    Suzhou    40    8    4    1    499.0    false    
S:2 E:1 6    China    Sichuan    Mianyang    60    8    2    1    499.0    false    
S:1 E:3 9    US    California    Hollywood    20    6    5    1    499.0    false    
S:3 E:0 10    US    California    San Francisco    30    6    5    1    499.0    false   

