*****A new Report Start!*****
S:0 E:4 17    UK    England    London    21    4    3    3    499.0    true    
S:4 E:1 18    UK    England    London    22    4    3    3    499.0    true    
S:1 E:0 16    US    California    Los Angeles    12    6    5    3    499.0    true    

