column
colSpan
rowSpan
drop
height
width
eventHandlerClass
newHandlerOnEachEvent
scope
bookmark
bookmarkDisplayName
headers
viewAction
role
language
altText
diagonalNumber
antidiagonalNumber
diagonalThickness
antidiagonalThickness
diagonalStyle
antidiagonalStyle
diagonalColor
antidiagonalColor
onPrepare
onCreate
onRender
style
fontFamily
fontSize
fontStyle
fontWeight
fontVariant
color
textUnderline
textOverline
textLineThrough
backgroundAttachment
backgroundColor
backgroundImage
backgroundImageType
backgroundPositionX
backgroundPositionY
backgroundRepeat
backgroundSizeWidth
backgroundSizeHeight
letterSpacing
lineHeight
textAlign
bidiTextDirection
textIndent
textTransform
verticalAlign
whiteSpace
widows
orphans
wordSpacing
display
masterPage
pageBreakBefore
pageBreakAfter
pageBreakInside
showIfBlank
borderTopStyle
borderTopWidth
borderTopColor
borderLeftStyle
borderLeftWidth
borderLeftColor
borderBottomStyle
borderBottomWidth
borderBottomColor
borderRightStyle
borderRightWidth
borderRightColor
marginTop
marginBottom
marginLeft
marginRight
paddingTop
paddingLeft
paddingBottom
paddingRight
dateTimeFormat
dateFormat
timeFormat
numberFormat
numberAlign
stringFormat
canShrink
mapRules
highlightRules
overflow
