<?xml version="1.0" encoding="UTF-8"?>
<report xmlns="http://www.eclipse.org/birt/2005/design" version="3.2.23" id="1">
    <page-setup>
        <graphic-master-page name="My Page" id="2">
            <property name="type">custom</property>
            <property name="height">11in</property>
            <property name="width">8.5in</property>
        </graphic-master-page>
    </page-setup>
    <body>
        <free-form name="FreeForm" id="3">
            <property name="comments">Sample Section</property>
            <report-items>
                <grid name="grid1" id="4">
                    <text-property name="displayName" key="gridKey1">he</text-property>
                </grid>
                <grid name="grid2" id="5"/>
                <grid name="grid3" id="6">
                    <text-property name="displayName" key="gridKey2"></text-property>
                </grid>
                <grid id="7">
                    <text-property name="displayName" key="gridKey4">Ant</text-property>
                </grid>
                <grid id="8">
                    <text-property name="displayName" key="gridKey5"></text-property>
                </grid>
                <grid id="9"/>
                <grid name="hexingjie" id="10">
                    <column id="11">
                        <property name="width">1.5mm</property>
                    </column>
                    <column id="12">
                        <property name="width">1.5mm</property>
                    </column>
                    <row id="13">
                        <cell id="14">
                            <label id="15"/>
                        </cell>
                    </row>
                    <row id="16">
                        <cell id="17">
                            <label id="18"/>
                        </cell>
                    </row>
                    <row id="19">
                        <cell id="20">
                            <label id="21"/>
                        </cell>
                    </row>
                </grid>
                <grid id="22">
                    <row id="23">
                        <cell id="24">
                            <property name="column">1</property>
                            <label id="25"/>
                        </cell>
                    </row>
                </grid>
            </report-items>
        </free-form>
        <grid name="hexingjie1" id="26">
            <column id="27">
                <property name="width">1.5mm</property>
            </column>
            <column id="28">
                <property name="width">1.5mm</property>
            </column>
            <row id="29">
                <cell id="30">
                    <label id="31"/>
                </cell>
            </row>
            <row id="32">
                <cell id="33">
                    <label id="34"/>
                </cell>
            </row>
            <row id="35">
                <cell id="36">
                    <label id="37"/>
                </cell>
            </row>
        </grid>
    </body>
</report>
