helpText
helpTextID
size
scale
source
uri
imageName
valueExpr
typeExpr
action
fitToContainer
proportionalScale
tagType
onPrepare
onCreate
onRender
onPageBreak
backgroundColor
borderTopWidth
borderTopStyle
borderTopColor
borderBottomWidth
borderBottomStyle
borderBottomColor
borderLeftWidth
borderLeftStyle
borderLeftColor
borderRightWidth
borderRightStyle
borderRightColor
color
display
fontFamily
fontSize
fontWeight
fontStyle
fontVariant
highlightRules
marginTop
marginBottom
marginLeft
marginRight
masterPage
overflow
paddingTop
paddingLeft
paddingBottom
paddingRight
pageBreakAfter
pageBreakBefore
pageBreakInside
showIfBlank
textAlign
textUnderline
textOverline
textLineThrough
verticalAlign
