caption
summary
captionID
isSummaryTable
tagType
role
onPrepare
onCreate
onRender
onPageBreak
fontFamily
fontSize
fontStyle
fontWeight
fontVariant
color
textUnderline
textOverline
textLineThrough
backgroundAttachment
backgroundColor
backgroundImage
backgroundImageType
backgroundPositionX
backgroundPositionY
backgroundRepeat
backgroundSizeWidth
backgroundSizeHeight
letterSpacing
lineHeight
textAlign
bidiTextDirection
textIndent
textTransform
verticalAlign
whiteSpace
widows
orphans
wordSpacing
display
masterPage
pageBreakBefore
pageBreakAfter
pageBreakInside
showIfBlank
borderTopStyle
borderTopWidth
borderTopColor
borderLeftStyle
borderLeftWidth
borderLeftColor
borderBottomStyle
borderBottomWidth
borderBottomColor
borderRightStyle
borderRightWidth
borderRightColor
marginTop
marginBottom
marginLeft
marginRight
paddingTop
paddingLeft
paddingBottom
paddingRight
dateTimeFormat
dateFormat
timeFormat
numberFormat
numberAlign
stringFormat
canShrink
mapRules
highlightRules
overflow
height
width
sort
filter
repeatHeader
pageBreakInterval
sortByGroups
bookmark
bookmarkDisplayName
toc
dataSet
cube
x
y
visibility
paramBindings
refTemplateParameter
boundDataColumns
dataBindingRef
zIndex
multiViews
cascadeACL
ACLExpression
allowExport
pushDown
theme
language
order
style
name
extends
displayName
displayNameID
comments
eventHandlerClass
newHandlerOnEachEvent
viewAction
customXml
propertyMasks
userProperties
