*****A new Report Start!*****
S:0 E:3 0    0    CHINA    Beijing    2004-01-01 00:00:00.0    7000    Date:Wed Dec 31 2003 16:00:00 GMT-0800 (GMT)    
S:3 E:2 1    1    CHINA    Beijing    2004-06-05 00:00:00.0    400    Date:Fri Jun 04 2004 17:00:00 GMT-0700 (GMT)    
S:2 E:3 2    2    CHINA    Shanghai    2004-06-01 00:00:00.0    100    Date:Mon May 31 2004 17:00:00 GMT-0700 (GMT)    
S:3 E:1 3    3    CHINA    Shanghai    2004-01-01 00:00:00.0    100    Date:Wed Dec 31 2003 16:00:00 GMT-0800 (GMT)    
S:1 E:3 4    4    US    Chicago    2004-03-02 00:00:00.0    700    Date:Mon Mar 01 2004 16:00:00 GMT-0800 (GMT)    
S:3 E:2 5    5    US    Chicago    2004-05-05 00:00:00.0    400    Date:Tue May 04 2004 17:00:00 GMT-0700 (GMT)    
S:2 E:3 6    6    US    New York    2004-05-01 00:00:00.0    100    Date:Fri Apr 30 2004 17:00:00 GMT-0700 (GMT)    
S:3 E:0 7    7    US    New York    2004-06-01 00:00:00.0    100    Date:Mon May 31 2004 17:00:00 GMT-0700 (GMT)    

