1  
                   1.1
1.0  2.0  
                   1.12.1
1.0  2.0  
                   1.12.1
