<?xml version="1.0" encoding="UTF-8"?>
<report xmlns="http://www.eclipse.org/birt/2005/design" version="3.2.23" id="1">
    <cubes>
        <tabular-cube name="Cube_Test_1" id="5">
            <property name="dimensions">
                <tabular-dimension name="Customer" id="6">
                    <property name="defaultHierarchy">NewTabularHierarchy</property>
                    <property name="hierarchies">
                        <tabular-hierarchy name="NewTabularHierarchy" id="7"/>
                        <tabular-hierarchy name="Hierarchy" id="8">
                            <property name="levels">
                                <tabular-level name="CUSTOMER_SEX" id="9"/>
                                <tabular-level name="CUSTOMER_REGION" id="10"/>
                            </property>
                        </tabular-hierarchy>
                    </property>
                </tabular-dimension>
                <tabular-dimension name="Product" id="11">
                    <property name="defaultHierarchy">NewTabularHierarchy1</property>
                    <property name="hierarchies">
                        <tabular-hierarchy name="NewTabularHierarchy1" id="12"/>
                        <tabular-hierarchy name="Hierarchy2" id="13">
                            <property name="levels">
                                <tabular-level name="PRODUCT_TYPE" id="14"/>
                                <tabular-level name="PRODUCT_NAME" id="15"/>
                            </property>
                        </tabular-hierarchy>
                    </property>
                </tabular-dimension>
            </property>
            <property name="measureGroups">
                <tabular-measure-group name="measure group" id="16">
                    <property name="measures">
                        <tabular-measure name="QUANTITY_PRICE" id="17"/>
                        <tabular-measure name="QUANTITY" id="18"/>
                        <tabular-measure name="QUANTITY_NUMBER" id="19"/>
                        <tabular-measure name="QUANTITY_SIZE" id="20"/>
                    </property>
                </tabular-measure-group>
            </property>
        </tabular-cube>
    </cubes>
    <body>
        <extended-item extensionName="Crosstab" id="21">
            <property name="columns">
                <extended-item extensionName="CrosstabView" id="22">
                    <property name="views">
                        <extended-item extensionName="DimensionView" id="23">
                            <property name="dimension">Customer</property>
                            <property name="levels">
                                <extended-item extensionName="LevelView" name="NewLevel View" id="24">
                                    <property name="level">Customer/CUSTOMER_SEX</property>
                                    <property name="member">
                                        <extended-item extensionName="CrosstabCell" id="25"/>
                                    </property>
                                </extended-item>
                            </property>
                        </extended-item>
                    </property>
                </extended-item>
            </property>
            <property name="cube">Cube_Test_1</property>
        </extended-item>
    </body>
</report>
