year quarter month day-of-month 
2011 3 9 1 
year quarter month day-of-month 
2011 3 9 2 
year quarter month day-of-month 
2011 3 9 3 
year quarter month day-of-month 
2011 3 9 4 
year quarter month day-of-month 
2011 3 9 5 
year quarter month day-of-month 
2011 3 9 6 
year quarter month day-of-month 
2011 3 9 7 
year quarter month day-of-month 
2011 3 9 8 
year quarter month day-of-month 
2011 3 9 9 
year quarter month day-of-month 
2011 3 9 10 
year quarter month day-of-month 
2011 3 9 11 
year quarter month day-of-month 
2011 3 9 12 
year quarter month day-of-month 
2011 3 9 13 
year quarter month day-of-month 
2011 3 9 14 
year quarter month day-of-month 
2011 3 9 15 
year quarter month day-of-month 
2011 3 9 16 
year quarter month day-of-month 
2011 3 9 17 
year quarter month day-of-month 
2011 3 9 18 
year quarter month day-of-month 
2011 3 9 19 
year quarter month day-of-month 
2011 3 9 20 
year quarter month day-of-month 
2011 3 9 21 
year quarter month day-of-month 
2011 3 9 22 
year quarter month day-of-month 
2011 3 9 23 
year quarter month day-of-month 
2011 3 9 24 
year quarter month day-of-month 
2011 3 9 25 
year quarter month day-of-month 
2011 3 9 26 
year quarter month day-of-month 
2011 3 9 27 
year quarter month day-of-month 
2011 3 9 28 
year quarter month day-of-month 
2011 3 9 29 
year quarter month day-of-month 
2011 3 9 30 