year day-of-year 
2002 91 
year day-of-year 
2002 92 
year day-of-year 
2002 93 
year day-of-year 
2002 94 
year day-of-year 
2002 95 
year day-of-year 
2002 96 
year day-of-year 
2002 97 
year day-of-year 
2002 98 
year day-of-year 
2002 99 
year day-of-year 
2002 100 
