2002 3 7 1 
2002 3 7 2 
2002 3 7 3 
2002 3 7 4 
2002 3 7 5 
2002 3 8 1 
2002 3 8 2 
2002 3 8 3 
2002 3 8 4 
2002 3 8 5 
2002 3 9 1 
2002 3 9 2 
2002 3 9 3 
2002 3 9 4 
2002 3 9 5 
