year quarter month day-of-month 
2008 1 2 20 
year quarter month day-of-month 
2008 1 2 19 
year quarter month day-of-month 
2008 1 2 18 
year quarter month day-of-month 
2008 1 2 17 
year quarter month day-of-month 
2008 1 2 16 
year quarter month day-of-month 
2008 1 2 15 
year quarter month day-of-month 
2008 1 2 14 
year quarter month day-of-month 
2008 1 2 13 
year quarter month day-of-month 
2008 1 2 12 
year quarter month day-of-month 
2008 1 2 11 
year quarter month day-of-month 
2008 1 2 10 
year quarter month day-of-month 
2008 1 2 9 
year quarter month day-of-month 
2008 1 2 8 
year quarter month day-of-month 
2008 1 2 7 
year quarter month day-of-month 
2008 1 2 6 
year quarter month day-of-month 
2008 1 2 5 
year quarter month day-of-month 
2008 1 2 4 
year quarter month day-of-month 
2008 1 2 3 
year quarter month day-of-month 
2008 1 2 2 
year quarter month day-of-month 
2008 1 2 1 
year quarter month day-of-month 
2008 1 1 31 
year quarter month day-of-month 
2008 1 1 30 
year quarter month day-of-month 
2008 1 1 29 
year quarter month day-of-month 
2008 1 1 28 
year quarter month day-of-month 
2008 1 1 27 
year quarter month day-of-month 
2008 1 1 26 
year quarter month day-of-month 
2008 1 1 25 
year quarter month day-of-month 
2008 1 1 24 
year quarter month day-of-month 
2008 1 1 23 
year quarter month day-of-month 
2008 1 1 22 
year quarter month day-of-month 
2008 1 1 21 
year quarter month day-of-month 
2008 1 1 20 
year quarter month day-of-month 
2008 1 1 19 
year quarter month day-of-month 
2008 1 1 18 
year quarter month day-of-month 
2008 1 1 17 
year quarter month day-of-month 
2008 1 1 16 
year quarter month day-of-month 
2008 1 1 15 
year quarter month day-of-month 
2008 1 1 14 
year quarter month day-of-month 
2008 1 1 13 
year quarter month day-of-month 
2008 1 1 12 
year quarter month day-of-month 
2008 1 1 11 
year quarter month day-of-month 
2008 1 1 10 
year quarter month day-of-month 
2008 1 1 9 
year quarter month day-of-month 
2008 1 1 8 
year quarter month day-of-month 
2008 1 1 7 
year quarter month day-of-month 
2008 1 1 6 
year quarter month day-of-month 
2008 1 1 5 
year quarter month day-of-month 
2008 1 1 4 
year quarter month day-of-month 
2008 1 1 3 
year quarter month day-of-month 
2008 1 1 2 
year quarter month day-of-month 
2008 1 1 1 
year quarter month day-of-month 
2007 4 12 31 
year quarter month day-of-month 
2007 4 12 30 
year quarter month day-of-month 
2007 4 12 29 
year quarter month day-of-month 
2007 4 12 28 
year quarter month day-of-month 
2007 4 12 27 
year quarter month day-of-month 
2007 4 12 26 
year quarter month day-of-month 
2007 4 12 25 
year quarter month day-of-month 
2007 4 12 24 
year quarter month day-of-month 
2007 4 12 23 
year quarter month day-of-month 
2007 4 12 22 
year quarter month day-of-month 
2007 4 12 21 
year quarter month day-of-month 
2007 4 12 20 
year quarter month day-of-month 
2007 4 12 19 
year quarter month day-of-month 
2007 4 12 18 
year quarter month day-of-month 
2007 4 12 17 
year quarter month day-of-month 
2007 4 12 16 
year quarter month day-of-month 
2007 4 12 15 
year quarter month day-of-month 
2007 4 12 14 
year quarter month day-of-month 
2007 4 12 13 
year quarter month day-of-month 
2007 4 12 12 
year quarter month day-of-month 
2007 4 12 11 
year quarter month day-of-month 
2007 4 12 10 
year quarter month day-of-month 
2007 4 12 9 
year quarter month day-of-month 
2007 4 12 8 
year quarter month day-of-month 
2007 4 12 7 
year quarter month day-of-month 
2007 4 12 6 
year quarter month day-of-month 
2007 4 12 5 
year quarter month day-of-month 
2007 4 12 4 
year quarter month day-of-month 
2007 4 12 3 
year quarter month day-of-month 
2007 4 12 2 
year quarter month day-of-month 
2007 4 12 1 
year quarter month day-of-month 
2007 4 11 30 
year quarter month day-of-month 
2007 4 11 29 
year quarter month day-of-month 
2007 4 11 28 
year quarter month day-of-month 
2007 4 11 27 
year quarter month day-of-month 
2007 4 11 26 
year quarter month day-of-month 
2007 4 11 25 
year quarter month day-of-month 
2007 4 11 24 
year quarter month day-of-month 
2007 4 11 23 
year quarter month day-of-month 
2007 4 11 22 
year quarter month day-of-month 
2007 4 11 21 
