year quarter month week-of-month week-of-year day-of-week day-of-month day-of-year 
2011 3 9 4 39 1 18 261 
year quarter month week-of-month week-of-year day-of-week day-of-month day-of-year 
2011 3 9 4 39 2 19 262 
year quarter month week-of-month week-of-year day-of-week day-of-month day-of-year 
2011 3 9 4 39 3 20 263 
year quarter month week-of-month week-of-year day-of-week day-of-month day-of-year 
2011 3 9 4 39 4 21 264 
year quarter month week-of-month week-of-year day-of-week day-of-month day-of-year 
2011 3 9 4 39 5 22 265 
