2002 1 
2002 2 
2002 3 
2002 4 
2002 5 
2002 6 
2002 7 
2002 8 
2002 9 
2002 10 
2002 11 
2002 12 