<?xml version="1.0" encoding="UTF-8"?>
<report xmlns="http://www.eclipse.org/birt/2005/design" version="3.2.24" id="1">
    <parameters>
        <scalar-parameter name="param1" id="42">
            <expression name="valueExpr">row["param1ValueExpr"]</expression>
            <expression name="labelExpr">row["param1LabelExpr"]</expression>
            <list-property name="boundDataColumns">
                <structure>
                    <property name="name">param1ValueExpr</property>
                    <expression name="expression">dataSetRow["param1ValueExpr"]</expression>
                </structure>
                <structure>
                    <property name="name">param1LabelExpr</property>
                    <expression name="expression">dataSetRow["param1LabelExpr"]</expression>
                </structure>
            </list-property>
        </scalar-parameter>
        <scalar-parameter name="param2" id="43">
            <expression name="valueExpr">param2ValueExpr</expression>
            <expression name="labelExpr">param2LabelExpr</expression>
        </scalar-parameter>
    </parameters>
    <body>
        <data name="data1" id="5">
            <list-property name="boundDataColumns">
                <structure>
                    <property name="name">actionBookMark</property>
                    <expression name="expression">dataSetRow["actionBookMark"]</expression>
                </structure>
            </list-property>
            <list-property name="action">
	            <structure>
	                <property name="linkType">bookmark-link</property>
	                <expression name="targetBookmark">row["actionBookMark"]</expression>
	            </structure>
            </list-property>
        </data>
        <table name="table1" id="6">
            <list-property name="boundDataColumns">
                <structure>
                    <property name="name">bookmark1</property>
                    <expression name="expression">dataSetRow["bookmark1"]</expression>
                </structure>
                <structure>
                    <property name="name">bookmark2</property>
                    <expression name="expression">dataSetRow["bookmark2"]</expression>
                </structure>
                <structure>
                    <property name="name">image1</property>
                    <expression name="expression">dataSetRow["image1"]</expression>
                </structure>
                <structure>
                    <property name="name">valueExpr</property>
                    <expression name="expression">dataSetRow["valueExpr"]</expression>
                </structure>
                <structure>
                    <property name="name">value1</property>
                    <expression name="expression">dataSetRow["value1"]</expression>
                </structure>
                <structure>
                    <property name="name">onCreateValueExpr</property>
                    <expression name="expression">dataSetRow["onCreateValueExpr"]</expression>
                </structure>
                <structure>
                    <property name="name">textData1ValueExpr</property>
                    <expression name="expression">dataSetRow["textData1ValueExpr"]</expression>
                </structure>
            </list-property>
            <column id="29"/>
            <column id="30"/>
            <header>
                <row id="7">
                    <cell id="8">
                        <image name="image1" id="9">
                            <expression name="bookmark">row["bookmark1"] + row["bookmark2"]</expression>
                            <property name="source">expr</property>
                            <expression name="valueExpr">row["image1"] + row["valueExpr"]</expression>
                        </image>
                    </cell>
                    <cell id="10"/>
                </row>
            </header>
            <detail>
                <row id="11">
                    <cell id="12"/>
                    <cell id="13">
                        <table name="table2" id="14">
                            <list-property name="paramBindings">
                                <structure>
                                    <property name="paramName">binding1</property>
                                    <simple-property-list name="expression">
                                    	<value>row["value1"]</value>
                                    </simple-property-list>                                    
                                </structure>
                            </list-property>
                            <list-property name="boundDataColumns">
                                <structure>
                                    <property name="name">hide1Expr</property>
                                    <expression name="expression">dataSetRow["hide1Expr"]</expression>
                                </structure>
                            </list-property>
                            <column id="24">
                                <list-property name="visibility">
                                    <structure>
                                        <property name="format">reportlet</property>
                                        <expression name="valueExpr">row["hide1Expr"]</expression>
                                    </structure>
                                </list-property>
                            </column>
                            <column id="25"/>
                            <header>
                                <row id="15">
                                    <cell id="16"/>
                                    <cell id="17"/>
                                </row>
                            </header>
                            <detail>
                                <row id="18">
                                    <cell id="19"/>
                                    <cell id="20"/>
                                </row>
                            </detail>
                            <footer>
                                <row id="21">
                                    <cell id="22"/>
                                    <cell id="23"/>
                                </row>
                            </footer>
                        </table>
                    </cell>
                </row>
            </detail>
            <footer>
                <row id="26">
                    <cell id="27">
                        <method name="onCreate"><![CDATA[row["onCreateValueExpr"] + 1]]></method>
                        <grid name="grid1" id="31">
                            <column id="32"/>
                            <column id="33"/>
                            <row id="34">
                                <cell id="35"/>
                                <cell id="36"/>
                            </row>
                            <row id="37">
                                <cell id="38"/>
                                <cell id="39">
                                    <text-data name="textData1" id="40">
                                        <expression name="valueExpr">row["textData1ValueExpr"]</expression>
                                    </text-data>
                                </cell>
                            </row>
                        </grid>
                    </cell>
                    <cell id="28"/>
                </row>
            </footer>
        </table>
        <list name="list1" id="41">
            <list-property name="boundDataColumns">
                <structure>
                    <property name="name">filter1ValueExpr</property>
                    <expression name="expression">dataSetRow["filter1ValueExpr"]</expression>
                </structure>
                <structure>
                    <property name="name">filter1Value1</property>
                    <expression name="expression">dataSetRow["filter1Value1"]</expression>
                </structure>
                <structure>
                    <property name="name">filter1Value2</property>
                    <expression name="expression">dataSetRow["filter1Value2"]</expression>
                </structure>
                <structure>
                    <property name="name">sort1Key</property>
                    <expression name="expression">dataSetRow["sort1Key"]</expression>
                </structure>
            </list-property>
            <list-property name="sort">
                <structure>
                    <expression name="key">row["sort1Key"]</expression>
                </structure>
            </list-property>
            <list-property name="filter">
                <structure>
                    <expression name="expr">row["filter1ValueExpr"]</expression>
                    <simple-property-list name="value1">
                    	<value>row["filter1Value1"]</value>
                    </simple-property-list>
                    <expression name="value2">row["filter1Value2"]</expression>
                </structure>
            </list-property>
        </list>
        <text-data name="textData2" id="44">
            <list-property name="boundDataColumns">
                <structure>
                    <property name="name">New Column</property>
                    <expression name="expression">row["textData2ValueExpr"]</expression>
                </structure>
            </list-property>
            <expression name="valueExpr">row["New Column"]</expression>
        </text-data>
    </body>
</report>