<?xml version="1.0" encoding="UTF-8"?>
<report xmlns="http://www.eclipse.org/birt/2005/design" version="3.2.23" id="1">
    <property name="createdBy">Eclipse BIRT Designer Version 3.7.2.v20120828-1705 Build &lt;3.7.2.v20120828-1705></property>
    <property name="units">in</property>
    <property name="iconFile">/templates/blank_report.gif</property>
    <property name="bidiLayoutOrientation">ltr</property>
    <property name="imageDPI">96</property>
    <list-property name="libraries">
        <structure>
            <property name="fileName">/ThemesReportItems.rptlibrary</property>
            <property name="namespace">ThemesReportItems</property>
        </structure>
    </list-property>
    <data-sources>
        <oda-data-source extensionID="org.eclipse.birt.report.data.oda.jdbc" name="Data Source" id="7">
            <list-property name="privateDriverProperties">
                <ex-property>
                    <name>contentBidiFormatStr</name>
                    <value>ILYNN</value>
                </ex-property>
                <ex-property>
                    <name>metadataBidiFormatStr</name>
                    <value>ILYNN</value>
                </ex-property>
            </list-property>
            <property name="odaDriverClass">org.eclipse.birt.report.data.oda.sampledb.Driver</property>
            <property name="odaURL">jdbc:classicmodels:sampledb</property>
            <property name="odaUser">ClassicModels</property>
        </oda-data-source>
    </data-sources>
    <data-sets>
        <oda-data-set extensionID="org.eclipse.birt.report.data.oda.jdbc.JdbcSelectDataSet" name="Data Set" id="8">
            <list-property name="columnHints">
                <structure>
                    <property name="columnName">ORDERNUMBER</property>
                    <property name="analysis">measure</property>
                    <text-property name="displayName">ORDERNUMBER</text-property>
                    <text-property name="heading">ORDERNUMBER</text-property>
                </structure>
                <structure>
                    <property name="columnName">ORDERDATE</property>
                    <property name="analysis">dimension</property>
                    <text-property name="displayName">ORDERDATE</text-property>
                    <text-property name="heading">ORDERDATE</text-property>
                </structure>
                <structure>
                    <property name="columnName">REQUIREDDATE</property>
                    <property name="analysis">dimension</property>
                    <text-property name="displayName">REQUIREDDATE</text-property>
                    <text-property name="heading">REQUIREDDATE</text-property>
                </structure>
                <structure>
                    <property name="columnName">SHIPPEDDATE</property>
                    <property name="analysis">dimension</property>
                    <text-property name="displayName">SHIPPEDDATE</text-property>
                    <text-property name="heading">SHIPPEDDATE</text-property>
                </structure>
                <structure>
                    <property name="columnName">STATUS</property>
                    <property name="analysis">dimension</property>
                    <text-property name="displayName">STATUS</text-property>
                    <text-property name="heading">STATUS</text-property>
                </structure>
                <structure>
                    <property name="columnName">COMMENTS</property>
                    <property name="analysis">dimension</property>
                    <text-property name="displayName">COMMENTS</text-property>
                    <text-property name="heading">COMMENTS</text-property>
                </structure>
                <structure>
                    <property name="columnName">CUSTOMERNUMBER</property>
                    <property name="analysis">measure</property>
                    <text-property name="displayName">CUSTOMERNUMBER</text-property>
                    <text-property name="heading">CUSTOMERNUMBER</text-property>
                </structure>
            </list-property>
            <list-property name="parameters"/>
            <structure name="cachedMetaData">
                <list-property name="resultSet">
                    <structure>
                        <property name="position">1</property>
                        <property name="name">ORDERNUMBER</property>
                        <property name="dataType">integer</property>
                    </structure>
                    <structure>
                        <property name="position">2</property>
                        <property name="name">ORDERDATE</property>
                        <property name="dataType">date</property>
                    </structure>
                    <structure>
                        <property name="position">3</property>
                        <property name="name">REQUIREDDATE</property>
                        <property name="dataType">date</property>
                    </structure>
                    <structure>
                        <property name="position">4</property>
                        <property name="name">SHIPPEDDATE</property>
                        <property name="dataType">date</property>
                    </structure>
                    <structure>
                        <property name="position">5</property>
                        <property name="name">STATUS</property>
                        <property name="dataType">string</property>
                    </structure>
                    <structure>
                        <property name="position">6</property>
                        <property name="name">COMMENTS</property>
                        <property name="dataType">string</property>
                    </structure>
                    <structure>
                        <property name="position">7</property>
                        <property name="name">CUSTOMERNUMBER</property>
                        <property name="dataType">integer</property>
                    </structure>
                </list-property>
            </structure>
            <property name="dataSource">Data Source</property>
            <list-property name="resultSet">
                <structure>
                    <property name="position">1</property>
                    <property name="name">ORDERNUMBER</property>
                    <property name="nativeName">ORDERNUMBER</property>
                    <property name="dataType">integer</property>
                    <property name="nativeDataType">4</property>
                </structure>
                <structure>
                    <property name="position">2</property>
                    <property name="name">ORDERDATE</property>
                    <property name="nativeName">ORDERDATE</property>
                    <property name="dataType">date</property>
                    <property name="nativeDataType">91</property>
                </structure>
                <structure>
                    <property name="position">3</property>
                    <property name="name">REQUIREDDATE</property>
                    <property name="nativeName">REQUIREDDATE</property>
                    <property name="dataType">date</property>
                    <property name="nativeDataType">91</property>
                </structure>
                <structure>
                    <property name="position">4</property>
                    <property name="name">SHIPPEDDATE</property>
                    <property name="nativeName">SHIPPEDDATE</property>
                    <property name="dataType">date</property>
                    <property name="nativeDataType">91</property>
                </structure>
                <structure>
                    <property name="position">5</property>
                    <property name="name">STATUS</property>
                    <property name="nativeName">STATUS</property>
                    <property name="dataType">string</property>
                    <property name="nativeDataType">12</property>
                </structure>
                <structure>
                    <property name="position">6</property>
                    <property name="name">COMMENTS</property>
                    <property name="nativeName">COMMENTS</property>
                    <property name="dataType">string</property>
                    <property name="nativeDataType">12</property>
                </structure>
                <structure>
                    <property name="position">7</property>
                    <property name="name">CUSTOMERNUMBER</property>
                    <property name="nativeName">CUSTOMERNUMBER</property>
                    <property name="dataType">integer</property>
                    <property name="nativeDataType">4</property>
                </structure>
            </list-property>
            <xml-property name="queryText"><![CDATA[select *
from CLASSICMODELS.ORDERS
]]></xml-property>
            <xml-property name="designerValues"><![CDATA[<?xml version="1.0" encoding="UTF-8"?>
<model:DesignValues xmlns:design="http://www.eclipse.org/datatools/connectivity/oda/design" xmlns:model="http://www.eclipse.org/birt/report/model/adapter/odaModel">
  <Version>2.0</Version>
  <design:ResultSets derivedMetaData="true">
    <design:resultSetDefinitions>
      <design:resultSetColumns>
        <design:resultColumnDefinitions>
          <design:attributes>
            <design:identifier>
              <design:name>CUSTOMERNUMBER</design:name>
              <design:position>1</design:position>
            </design:identifier>
            <design:nativeDataTypeCode>4</design:nativeDataTypeCode>
            <design:precision>10</design:precision>
            <design:scale>0</design:scale>
            <design:nullability>Nullable</design:nullability>
            <design:uiHints>
              <design:displayName>CUSTOMERNUMBER</design:displayName>
            </design:uiHints>
          </design:attributes>
          <design:usageHints>
            <design:label>CUSTOMERNUMBER</design:label>
            <design:formattingHints>
              <design:displaySize>11</design:displaySize>
            </design:formattingHints>
          </design:usageHints>
        </design:resultColumnDefinitions>
        <design:resultColumnDefinitions>
          <design:attributes>
            <design:identifier>
              <design:name>CUSTOMERNAME</design:name>
              <design:position>2</design:position>
            </design:identifier>
            <design:nativeDataTypeCode>12</design:nativeDataTypeCode>
            <design:precision>50</design:precision>
            <design:scale>0</design:scale>
            <design:nullability>Nullable</design:nullability>
            <design:uiHints>
              <design:displayName>CUSTOMERNAME</design:displayName>
            </design:uiHints>
          </design:attributes>
          <design:usageHints>
            <design:label>CUSTOMERNAME</design:label>
            <design:formattingHints>
              <design:displaySize>50</design:displaySize>
            </design:formattingHints>
          </design:usageHints>
        </design:resultColumnDefinitions>
        <design:resultColumnDefinitions>
          <design:attributes>
            <design:identifier>
              <design:name>CONTACTLASTNAME</design:name>
              <design:position>3</design:position>
            </design:identifier>
            <design:nativeDataTypeCode>12</design:nativeDataTypeCode>
            <design:precision>50</design:precision>
            <design:scale>0</design:scale>
            <design:nullability>Nullable</design:nullability>
            <design:uiHints>
              <design:displayName>CONTACTLASTNAME</design:displayName>
            </design:uiHints>
          </design:attributes>
          <design:usageHints>
            <design:label>CONTACTLASTNAME</design:label>
            <design:formattingHints>
              <design:displaySize>50</design:displaySize>
            </design:formattingHints>
          </design:usageHints>
        </design:resultColumnDefinitions>
        <design:resultColumnDefinitions>
          <design:attributes>
            <design:identifier>
              <design:name>CONTACTFIRSTNAME</design:name>
              <design:position>4</design:position>
            </design:identifier>
            <design:nativeDataTypeCode>12</design:nativeDataTypeCode>
            <design:precision>50</design:precision>
            <design:scale>0</design:scale>
            <design:nullability>Nullable</design:nullability>
            <design:uiHints>
              <design:displayName>CONTACTFIRSTNAME</design:displayName>
            </design:uiHints>
          </design:attributes>
          <design:usageHints>
            <design:label>CONTACTFIRSTNAME</design:label>
            <design:formattingHints>
              <design:displaySize>50</design:displaySize>
            </design:formattingHints>
          </design:usageHints>
        </design:resultColumnDefinitions>
        <design:resultColumnDefinitions>
          <design:attributes>
            <design:identifier>
              <design:name>PHONE</design:name>
              <design:position>5</design:position>
            </design:identifier>
            <design:nativeDataTypeCode>12</design:nativeDataTypeCode>
            <design:precision>50</design:precision>
            <design:scale>0</design:scale>
            <design:nullability>Nullable</design:nullability>
            <design:uiHints>
              <design:displayName>PHONE</design:displayName>
            </design:uiHints>
          </design:attributes>
          <design:usageHints>
            <design:label>PHONE</design:label>
            <design:formattingHints>
              <design:displaySize>50</design:displaySize>
            </design:formattingHints>
          </design:usageHints>
        </design:resultColumnDefinitions>
        <design:resultColumnDefinitions>
          <design:attributes>
            <design:identifier>
              <design:name>ADDRESSLINE1</design:name>
              <design:position>6</design:position>
            </design:identifier>
            <design:nativeDataTypeCode>12</design:nativeDataTypeCode>
            <design:precision>50</design:precision>
            <design:scale>0</design:scale>
            <design:nullability>Nullable</design:nullability>
            <design:uiHints>
              <design:displayName>ADDRESSLINE1</design:displayName>
            </design:uiHints>
          </design:attributes>
          <design:usageHints>
            <design:label>ADDRESSLINE1</design:label>
            <design:formattingHints>
              <design:displaySize>50</design:displaySize>
            </design:formattingHints>
          </design:usageHints>
        </design:resultColumnDefinitions>
        <design:resultColumnDefinitions>
          <design:attributes>
            <design:identifier>
              <design:name>ADDRESSLINE2</design:name>
              <design:position>7</design:position>
            </design:identifier>
            <design:nativeDataTypeCode>12</design:nativeDataTypeCode>
            <design:precision>50</design:precision>
            <design:scale>0</design:scale>
            <design:nullability>Nullable</design:nullability>
            <design:uiHints>
              <design:displayName>ADDRESSLINE2</design:displayName>
            </design:uiHints>
          </design:attributes>
          <design:usageHints>
            <design:label>ADDRESSLINE2</design:label>
            <design:formattingHints>
              <design:displaySize>50</design:displaySize>
            </design:formattingHints>
          </design:usageHints>
        </design:resultColumnDefinitions>
        <design:resultColumnDefinitions>
          <design:attributes>
            <design:identifier>
              <design:name>CITY</design:name>
              <design:position>8</design:position>
            </design:identifier>
            <design:nativeDataTypeCode>12</design:nativeDataTypeCode>
            <design:precision>50</design:precision>
            <design:scale>0</design:scale>
            <design:nullability>Nullable</design:nullability>
            <design:uiHints>
              <design:displayName>CITY</design:displayName>
            </design:uiHints>
          </design:attributes>
          <design:usageHints>
            <design:label>CITY</design:label>
            <design:formattingHints>
              <design:displaySize>50</design:displaySize>
            </design:formattingHints>
          </design:usageHints>
        </design:resultColumnDefinitions>
        <design:resultColumnDefinitions>
          <design:attributes>
            <design:identifier>
              <design:name>STATE</design:name>
              <design:position>9</design:position>
            </design:identifier>
            <design:nativeDataTypeCode>12</design:nativeDataTypeCode>
            <design:precision>50</design:precision>
            <design:scale>0</design:scale>
            <design:nullability>Nullable</design:nullability>
            <design:uiHints>
              <design:displayName>STATE</design:displayName>
            </design:uiHints>
          </design:attributes>
          <design:usageHints>
            <design:label>STATE</design:label>
            <design:formattingHints>
              <design:displaySize>50</design:displaySize>
            </design:formattingHints>
          </design:usageHints>
        </design:resultColumnDefinitions>
        <design:resultColumnDefinitions>
          <design:attributes>
            <design:identifier>
              <design:name>POSTALCODE</design:name>
              <design:position>10</design:position>
            </design:identifier>
            <design:nativeDataTypeCode>12</design:nativeDataTypeCode>
            <design:precision>15</design:precision>
            <design:scale>0</design:scale>
            <design:nullability>Nullable</design:nullability>
            <design:uiHints>
              <design:displayName>POSTALCODE</design:displayName>
            </design:uiHints>
          </design:attributes>
          <design:usageHints>
            <design:label>POSTALCODE</design:label>
            <design:formattingHints>
              <design:displaySize>15</design:displaySize>
            </design:formattingHints>
          </design:usageHints>
        </design:resultColumnDefinitions>
        <design:resultColumnDefinitions>
          <design:attributes>
            <design:identifier>
              <design:name>COUNTRY</design:name>
              <design:position>11</design:position>
            </design:identifier>
            <design:nativeDataTypeCode>12</design:nativeDataTypeCode>
            <design:precision>50</design:precision>
            <design:scale>0</design:scale>
            <design:nullability>Nullable</design:nullability>
            <design:uiHints>
              <design:displayName>COUNTRY</design:displayName>
            </design:uiHints>
          </design:attributes>
          <design:usageHints>
            <design:label>COUNTRY</design:label>
            <design:formattingHints>
              <design:displaySize>50</design:displaySize>
            </design:formattingHints>
          </design:usageHints>
        </design:resultColumnDefinitions>
        <design:resultColumnDefinitions>
          <design:attributes>
            <design:identifier>
              <design:name>SALESREPEMPLOYEENUMBER</design:name>
              <design:position>12</design:position>
            </design:identifier>
            <design:nativeDataTypeCode>4</design:nativeDataTypeCode>
            <design:precision>10</design:precision>
            <design:scale>0</design:scale>
            <design:nullability>Nullable</design:nullability>
            <design:uiHints>
              <design:displayName>SALESREPEMPLOYEENUMBER</design:displayName>
            </design:uiHints>
          </design:attributes>
          <design:usageHints>
            <design:label>SALESREPEMPLOYEENUMBER</design:label>
            <design:formattingHints>
              <design:displaySize>11</design:displaySize>
            </design:formattingHints>
          </design:usageHints>
        </design:resultColumnDefinitions>
        <design:resultColumnDefinitions>
          <design:attributes>
            <design:identifier>
              <design:name>CREDITLIMIT</design:name>
              <design:position>13</design:position>
            </design:identifier>
            <design:nativeDataTypeCode>8</design:nativeDataTypeCode>
            <design:precision>15</design:precision>
            <design:scale>0</design:scale>
            <design:nullability>Nullable</design:nullability>
            <design:uiHints>
              <design:displayName>CREDITLIMIT</design:displayName>
            </design:uiHints>
          </design:attributes>
          <design:usageHints>
            <design:label>CREDITLIMIT</design:label>
            <design:formattingHints>
              <design:displaySize>22</design:displaySize>
            </design:formattingHints>
          </design:usageHints>
        </design:resultColumnDefinitions>
      </design:resultSetColumns>
      <design:criteria/>
    </design:resultSetDefinitions>
  </design:ResultSets>
</model:DesignValues>]]></xml-property>
        </oda-data-set>
    </data-sets>
    <styles>
        <style name="report" id="4">
            <property name="fontFamily">sans-serif</property>
            <property name="fontSize">10pt</property>
        </style>
        <style name="crosstab-cell" id="5">
            <property name="borderBottomColor">#CCCCCC</property>
            <property name="borderBottomStyle">solid</property>
            <property name="borderBottomWidth">1pt</property>
            <property name="borderLeftColor">#CCCCCC</property>
            <property name="borderLeftStyle">solid</property>
            <property name="borderLeftWidth">1pt</property>
            <property name="borderRightColor">#CCCCCC</property>
            <property name="borderRightStyle">solid</property>
            <property name="borderRightWidth">1pt</property>
            <property name="borderTopColor">#CCCCCC</property>
            <property name="borderTopStyle">solid</property>
            <property name="borderTopWidth">1pt</property>
        </style>
        <style name="crosstab" id="6">
            <property name="borderBottomColor">#CCCCCC</property>
            <property name="borderBottomStyle">solid</property>
            <property name="borderBottomWidth">1pt</property>
            <property name="borderLeftColor">#CCCCCC</property>
            <property name="borderLeftStyle">solid</property>
            <property name="borderLeftWidth">1pt</property>
            <property name="borderRightColor">#CCCCCC</property>
            <property name="borderRightStyle">solid</property>
            <property name="borderRightWidth">1pt</property>
            <property name="borderTopColor">#CCCCCC</property>
            <property name="borderTopStyle">solid</property>
            <property name="borderTopWidth">1pt</property>
        </style>
    </styles>
    <page-setup>
        <simple-master-page name="Simple MasterPage" id="2">
            <page-footer>
                <text id="3">
                    <property name="contentType">html</property>
                    <text-property name="content"><![CDATA[<value-of>new Date()</value-of>]]></text-property>
                </text>
            </page-footer>
        </simple-master-page>
    </page-setup>
    <body>
        <table name="Table1" id="101">
            <property name="dataSet">Data Set</property>
            <property name="theme">ThemesReportItems.default-table</property>
            <list-property name="boundDataColumns">
                <structure>
                    <property name="name">ORDERNUMBER</property>
                    <text-property name="displayName">ORDERNUMBER</text-property>
                    <expression name="expression" type="bre">[DATASET].[ORDERNUMBER]</expression>
                    <property name="dataType">integer</property>
                </structure>
                <structure>
                    <property name="name">ORDERDATE</property>
                    <text-property name="displayName">ORDERDATE</text-property>
                    <expression name="expression" type="bre">[DATASET].[ORDERDATE]</expression>
                    <property name="dataType">date</property>
                </structure>
                <structure>
                    <property name="name">REQUIREDDATE</property>
                    <text-property name="displayName">REQUIREDDATE</text-property>
                    <expression name="expression" type="bre">[DATASET].[REQUIREDDATE]</expression>
                    <property name="dataType">date</property>
                </structure>
                <structure>
                    <property name="name">SHIPPEDDATE</property>
                    <text-property name="displayName">SHIPPEDDATE</text-property>
                    <expression name="expression" type="bre">[DATASET].[SHIPPEDDATE]</expression>
                    <property name="dataType">date</property>
                </structure>
                <structure>
                    <property name="name">STATUS</property>
                    <text-property name="displayName">STATUS</text-property>
                    <expression name="expression" type="bre">[DATASET].[STATUS]</expression>
                    <property name="dataType">string</property>
                </structure>
                <structure>
                    <property name="name">COMMENTS</property>
                    <text-property name="displayName">COMMENTS</text-property>
                    <expression name="expression" type="bre">[DATASET].[COMMENTS]</expression>
                    <property name="dataType">string</property>
                </structure>
                <structure>
                    <property name="name">CUSTOMERNUMBER</property>
                    <text-property name="displayName">CUSTOMERNUMBER</text-property>
                    <expression name="expression" type="bre">[DATASET].[CUSTOMERNUMBER]</expression>
                    <property name="dataType">integer</property>
                </structure>
            </list-property>
            <column id="140"/>
            <column id="141"/>
            <column id="143"/>
            <column id="147">
                <property name="repeat">1</property>
            </column>
            <column id="144"/>
            <column id="145"/>
            <column id="146"/>
            <header>
                <row id="102">
                    <cell id="103">
                        <label id="104">
                            <text-property name="text">ORDERNUMBER</text-property>
                        </label>
                    </cell>
                    <cell id="105"/>
                    <cell id="109">
                        <property name="column">0</property>
                        <label id="110">
                            <text-property name="text">SHIPPEDDATE</text-property>
                        </label>
                    </cell>
                    <cell id="107">
                        <property name="column">0</property>
                        <label id="108">
                            <text-property name="text">REQUIREDDATE</text-property>
                        </label>
                    </cell>
                    <cell id="111">
                        <label id="112">
                            <text-property name="text">STATUS</text-property>
                        </label>
                    </cell>
                    <cell id="113">
                        <label id="114">
                            <text-property name="text">COMMENTS</text-property>
                        </label>
                    </cell>
                    <cell id="115">
                        <label id="116">
                            <text-property name="text">CUSTOMERNUMBER</text-property>
                        </label>
                    </cell>
                </row>
            </header>
            <detail>
                <row id="117">
                    <cell id="118">
                        <property name="colSpan">2</property>
                        <property name="rowSpan">1</property>
                        <data id="119">
                            <property name="resultSetColumn">ORDERNUMBER</property>
                        </data>
                    </cell>
                    <cell id="124">
                        <property name="column">0</property>
                        <data id="125">
                            <property name="resultSetColumn">SHIPPEDDATE</property>
                        </data>
                    </cell>
                    <cell id="122">
                        <property name="column">0</property>
                        <data id="123">
                            <property name="resultSetColumn">REQUIREDDATE</property>
                        </data>
                    </cell>
                    <cell id="126">
                        <data id="127">
                            <property name="resultSetColumn">STATUS</property>
                        </data>
                    </cell>
                    <cell id="128">
                        <data id="129">
                            <property name="resultSetColumn">COMMENTS</property>
                        </data>
                    </cell>
                    <cell id="130">
                        <data id="131">
                            <property name="resultSetColumn">CUSTOMERNUMBER</property>
                        </data>
                    </cell>
                </row>
            </detail>
            <footer>
                <row id="132">
                    <cell id="133"/>
                    <cell id="134"/>
                    <cell id="136">
                        <property name="column">0</property>
                    </cell>
                    <cell id="135">
                        <property name="column">0</property>
                    </cell>
                    <cell id="137"/>
                    <cell id="138"/>
                    <cell id="139"/>
                </row>
            </footer>
        </table>
    </body>
</report>