<?xml version="1.0" encoding="UTF-8"?>
<report xmlns="http://www.eclipse.org/birt/2005/design" version="3.2.23" id="1">
    <page-setup>
        <simple-master-page name="Simple MasterPage" id="2">
            <property name="type">us-letter</property>
            <property name="orientation">auto</property>
        </simple-master-page>
    </page-setup>
    <body>
        <table name="Table" id="84">
            <column id="89">
                <property name="paddingLeft">0.1in</property>
                <property name="width">1in</property>                
            </column>
            <column id="92">
                <property name="paddingLeft">0.1in</property>
                <property name="width">1in</property>                
            </column>
            <column id="106"/>
            <column id="97">
                <property name="paddingLeft">0.1in</property>
                <property name="width">1in</property>                
            </column>
            <column id="102">
                <property name="paddingLeft">0.1in</property>
                <property name="width">1.79in</property>                
            </column>
            <header>
                <row id="85">
                    <cell id="98">
                        <property name="colSpan">2</property>
                    </cell>
                    <cell id="107"/>
                    <cell id="103"/>
                </row>
            </header>
            <detail>
                <row id="87">
                    <cell id="88"/>
                    <cell id="104"/>
                    <cell id="108"/>
                    <cell id="105"/>
                </row>
            </detail>
        </table>
    </body>
</report>
