<?xml version="1.0" encoding="UTF-8"?>
<report xmlns="http://www.eclipse.org/birt/2005/design" version="3.2.23" id="1">
    <page-setup>
        <graphic-master-page name="My Page" id="2">
            <property name="topMargin">0.95mm</property>
            <property name="leftMargin">0.8mm</property>
            <property name="bottomMargin">0.75mm</property>
            <property name="rightMargin">0.9mm</property>
            <property name="columns">1</property>
            <property name="columnSpacing">0.25mm</property>
            <contents>
                <image name="Image1" id="3">
                	<expression name="altText" type="constant">Help Test For Image Item</expression>
                    <property name="source">url</property>
                    <expression name="uri">http://www.eclipse.org/birt/test/1.jpg</expression>
                    <list-property name="action">
	           			<structure>
	                        <property name="linkType">hyperlink</property>
	                        <property name="toolTip">new toolTip</property>
	                        <expression name="uri">www.rock.com.cn/haha/test.html</expression>
	                        <property name="targetWindow">Window2</property>
	                    </structure>
                    </list-property>
                </image>
                <image name="Image2" id="4">
                	<expression name="altText" type="constant">Help Test For Image Item</expression>
                    <property name="source">url</property>
                    <expression name="uri">http://www.eclipse.org/birt/test/1.jpg</expression>
                    <list-property name="action">
	           			<structure>
	                        <property name="linkType">drill-through</property>
	                        <property name="reportName">Another report</property>
	                        <expression name="targetBookmark">www.rock.com/bookmarks/1.jsp</expression>
	                        <property name="targetWindow">Window3</property>
	                        <list-property name="paramBindings">
	                            <structure>
	                                <property name="paramName">param1</property>
	                                <simple-property-list name="expression">
                    	 				<value>1+1=3</value>
                    				</simple-property-list>
	                            </structure>
	                            <structure>
	                                <property name="paramName">param2</property>
	                                <simple-property-list name="expression">
                    	 				<value>2*2=6</value>
                    				</simple-property-list>
	                            </structure>
	                        </list-property>
	                    </structure>
                    </list-property>
                </image>
                <image name="Image3" id="5">
                	<expression name="altText" type="constant">Help Test For Image Item</expression>
                    <property name="source">url</property>
                    <expression name="uri">http://www.eclipse.org/birt/test/1.jpg</expression>
                    <list-property name="action">
	           			<structure>
	                        <property name="linkType">drill-through</property>
	                        <property name="reportName">iserver/report1</property>
	                        <property name="targetWindow">Window3</property>
	                        <list-property name="paramBindings">
	                            <structure>
	                                <property name="paramName">param1</property>
	                                <simple-property-list name="expression">
                    	 				<value>1+1=3</value>
                    				</simple-property-list>
	                            </structure>
	                            <structure>
	                                <property name="paramName">param2</property>
	                                <simple-property-list name="expression">
                    	 				<value>2*2=6</value>
                    				</simple-property-list>
	                            </structure>
	                        </list-property>
	                        <list-property name="search">
	                            <structure>
	                                <expression name="expression">searchKey1</expression>
	                            </structure>
	                            <structure>
	                                <expression name="expression">searchKey2</expression>
	                            </structure>
	                        </list-property>
	                    </structure>
                    </list-property>
                </image>
                <image name="Image4" id="6">
                	<expression name="altText" type="constant">Help Test For Image Item</expression>
                    <property name="source">url</property>
                    <expression name="uri">http://www.eclipse.org/birt/test/1.jpg</expression>
                    <list-property name="action">
	           			<structure>
	                        <property name="linkType">bookmark-link</property>
	                        <expression name="targetBookmark">www.rock.com.cn/haha/index.html/bookmarklink1</expression>
	                    </structure>
                    </list-property>
                </image>
            </contents>
        </graphic-master-page>
    </page-setup>
</report>
