<?xml version="1.0" encoding="UTF-8"?>
<report xmlns="http://www.eclipse.org/birt/2005/design" version="3.2.23" id="1">
    <simple-property-list name="includeResource">
    	<value>dataitemparse_test</value>
    </simple-property-list>
    <data-sets>
        <oda-data-set name="MyDataSet" id="3"/>
    </data-sets>
    <components>
        <data name="componentsData" id="2">
            <list-property name="boundDataColumns">
                <structure>
                    <property name="name">Components data value</property>
                    <expression name="expression">Components data value</expression>
                </structure>
            </list-property>
            <property name="resultSetColumn">Components data value</property>
        </data>
    </components>
    <page-setup>
        <graphic-master-page name="My Page" id="4">
            <property name="columns">1</property>
            <property name="columnSpacing">0.25mm</property>
            <contents>
                <data name="graphicmasterpageData" id="5">
                    <list-property name="boundDataColumns">
                        <structure>
                            <property name="name">Graphic master page data value</property>
                            <expression name="expression">Graphic master page data value</expression>
                        </structure>
                    </list-property>
                    <property name="resultSetColumn">Graphic master page data value</property>
                </data>
            </contents>
        </graphic-master-page>
    </page-setup>
    <body>
        <free-form id="6">
            <report-items>
                <data name="My First Data" id="7">
                    <expression name="altText" type="constant">Alt Text</expression>
                    <list-property name="boundDataColumns">
                        <structure>
                            <property name="name">First data value</property>
                            <expression name="expression">First data value</expression>
                        </structure>
                    </list-property>
                    <property name="resultSetColumn">First data value</property>
                    <text-property name="helpText" key="New key">New help</text-property>
                    <property name="tagType">div new</property>
		            <property name="language">English new</property>
		            <property name="order">2</property>
                    <list-property name="action">
		           		<structure>
	                        <expression name="uri">http://localhost:8080/</expression>
	                    </structure>
                    </list-property>
                </data>
            </report-items>
        </free-form>
        <data name="Body Data" id="8">
            <list-property name="boundDataColumns">
                <structure>
                    <property name="name">column1</property>
                    <text-property name="displayName" key="new display name id">New Display Name</text-property>
                    <expression name="expression">column1 expr</expression>
                    <property name="dataType">integer</property>
                    <simple-property-list name="aggregateOn">
                        <value>column1 aggre1</value>
                        <value>column1 aggre2</value>
                    </simple-property-list>
                    <property name="aggregateFunction">count</property>
                    <list-property name="arguments">
                        <structure>
                            <property name="name">new_arg_1</property>
                            <expression name="value">new_argument_value</expression>
                        </structure>
                        <structure>
                            <property name="name">arg_2</property>
                            <expression name="value">argument_value</expression>
                        </structure>
                    </list-property>
                    <expression name="filterExpr">colmn1 filter expr</expression>
                </structure>
            </list-property>
            <property name="resultSetColumn">column1</property>
            <text-property name="helpText" key="New body help key">New body help</text-property>
            <list-property name="action">
	           	<structure>
	                <expression name="uri">http://localhost:80/</expression>
	            </structure>
            </list-property>
        </data>
        <data name="Body Data1" id="9">
            <property name="dataBindingRef">Body Data</property>
            <property name="allowExport">true</property>
            <property name="resultSetColumn">column1</property>
        </data>
    </body>
    <scratch-pad>
        <data name="scratchpadData" id="10">
            <list-property name="boundDataColumns">
                <structure>
                    <property name="name">Scratch pad data value</property>
                    <expression name="expression">Scratch pad data value</expression>
                </structure>
            </list-property>
            <property name="resultSetColumn">Scratch pad data value</property>
        </data>
    </scratch-pad>
</report>
