<?xml version="1.0" encoding="UTF-8"?>
<report xmlns="http://www.eclipse.org/birt/2005/design" version="3.2.23" id="1">
    <cubes>
        <tabular-cube name="testCube" id="3">
            <property name="dimensions">
                <tabular-dimension name="testDimension" id="4">
                    <property name="hierarchies">
                        <tabular-hierarchy name="testHierarchy" id="5">
                            <property name="levels">
                                <tabular-level name="testLevel" id="6"/>
                                <tabular-level name="testLevel_one" id="7"/>
                            </property>
                        </tabular-hierarchy>
                    </property>
                </tabular-dimension>
            </property>
        </tabular-cube>
    </cubes>
    <page-setup>
        <graphic-master-page name="My Page" id="2">
            <property name="topMargin">0.95mm</property>
            <property name="leftMargin">0.8mm</property>
        </graphic-master-page>
    </page-setup>
    <body>
        <extended-item extensionName="TestingTable" name="testTable" id="8">
            <property name="filter">
                <filter-condition-element>
                    <property name="isOptional">false</property>
                    <expression name="expr">new filter expression</expression>
                    <property name="operator">ge</property>
                    <simple-property-list name="value1">
                    	<value>new value1 expression</value>
                    </simple-property-list>
                    <expression name="value2">new null</expression>
                    <property name="filterTarget">DataSet</property>
                    <property name="extensionName">new ext name</property>
                    <property name="extensionExprId">new ext id</property>
                    <property name="pushDown">false</property>
                    <property name="dynamicFilterParameter">new DynamicFilterParam</property>
                    <property name="type">simple</property>
                    <property name="updateAggregation">false</property>
                    <property name="member">
                        <member-value>
                            <property name="value">new value_1</property>
                            <property name="level">testDimension/testLevel_one</property>
                            <list-property name="filter">
                				<structure>
                    				<property name="operator">lt</property>
                    				<expression name="expr">filter expression</expression>
                    				<simple-property-list name="value1">
                    					<value>value1 expression</value>
                    				</simple-property-list>
                    				<expression name="value2">value2 expression</expression>
                				</structure>
                				<structure>
                    				<property name="operator">lt</property>
                    				<expression name="expr">filter expression</expression>
                    				<simple-property-list name="value1">
                    					<value>value1 expression</value>
                    				</simple-property-list>
                    				<expression name="value2">value2 expression</expression>
                				</structure>
            				</list-property>
                            <property name="memberValues">
                                <member-value>
                                    <property name="value">value_2</property>
                                </member-value>
                            </property>
                        </member-value>
                    </property>
                </filter-condition-element>
                <filter-condition-element>
                    <property name="operator">lt</property>
                </filter-condition-element>
            </property>
            <property name="sorts">
                <sort-element>
                    <expression name="key">new key_1</expression>
                    <property name="direction">asc</property>
                    <property name="strength">12</property>
                    <property name="locale">fr_CA</property>
                    <property name="member">
                        <member-value>
                            <property name="value">new value_1</property>
                            <property name="level">testDimension/testLevel_one</property>
                            <property name="memberValues">
                                <member-value>
                                    <property name="value">value_2</property>
                                </member-value>
                            </property>
                        </member-value>
                    </property>
                </sort-element>
                <sort-element>
                    <expression name="key">key_2</expression>
                </sort-element>
            </property>
        </extended-item>
        	<table name="Test table" id="9">	
            <list-property name="filter">
                <structure>
                    <property name="operator">gt</property>
                    <expression name="expr">new filter expression</expression>
                    <simple-property-list name="value1">
                        <value>new value1 expression</value>
                    </simple-property-list>
                    <property name="extensionName">new ext name</property>
                    <property name="extensionExprId">new ext id</property>
                    <property name="pushDown">false</property>
                    <property name="dynamicFilterParameter">new DynamicFilterParam</property>
                    <property name="type">simple</property>
                    <property name="updateAggregation">false</property>
                    <property name="customValue">customed 1</property>                    
                </structure>
                <structure>
                    <property name="operator">gt</property>
                    <expression name="expr">filter expression</expression>
                    <simple-property-list name="value1">
                        <value type="constant">constant1</value>
                    </simple-property-list>
                    <expression name="value2" type="constant">constant2</expression>
                    <property name="customValue">customed updated</property>                    
                </structure>                
            </list-property>   
        </table>  
    </body>
</report>
