<?xml version="1.0" encoding="UTF-8"?>
<report xmlns="http://www.eclipse.org/birt/2005/design" version="3.2.23" id="1">
    <list-property name="colorPalette">
        <structure>
            <property name="name">custom blue</property>
            <property name="color">#0000FE</property>
            <text-property name="displayName" key="custom-color1">Color1</text-property>
        </structure>
        <structure>
            <property name="name">custom red</property>
            <property name="color">16646144</property>
            <text-property name="displayName" key="custom-color2">Color2</text-property>
        </structure>
    </list-property>
    <styles>
        <style name="My-Style" id="2">
            <property name="fontFamily">"Times"</property>
            <property name="fontSize">12mm</property>
            <property name="fontWeight">bold</property>
        </style>
    </styles>
    <page-setup>
        <graphic-master-page name="My Page" id="3">
            <property name="comments">Sample page</property>
            <property name="topMargin">0.95mm</property>
            <property name="leftMargin">0.8mm</property>
            <property name="bottomMargin">0.75mm</property>
            <property name="rightMargin">0.9mm</property>
            <property name="columns">1</property>
            <property name="columnSpacing">0.25mm</property>
            <contents>
                <label id="4">
                    <property name="x">1mm</property>
                </label>
                <label id="5">
                    <property name="x">6mm</property>
                </label>
                <image name="Image1" id="6">
                    <property name="style">My-Style</property>
                    <property name="paddingTop">2mm</property>
                    <property name="size">scale-to-item</property>
                    <property name="scale">0.8</property>
                    <property name="source">url</property>
                    <property name="proportionalScale">false</property>
                    <expression name="uri">http://www.eclipse.org/birt/test/1.jpg</expression>
                    <expression name="altText" type="constant">Help Test For Image Item</expression>
                    <property name="altTextID">help</property>
                    <list-property name="action">
		           		<structure>
	                        <expression name="uri">http://localhost:8080/bluehero</expression>
	                    </structure>
                    </list-property>               
                </image>
                <image name="ImageTwo" id="7">
                    <property name="size">size-to-image</property>
                    <property name="scale">4.0</property>
                    <property name="source">embed</property>
                    <property name="imageName">image_two.jpg</property>
                    <text-property name="helpText" key="abc">Image2-Help-Text</text-property>
                    <list-property name="action">
		           		<structure>
	                        <expression name="uri">http://localhost:8080/bluehero</expression>
	                    </structure>
                    </list-property>
                </image>
                <image name="Image3" id="8">
                    <property name="source">expr</property>
                    <expression name="typeExpr">HelloType</expression>
                    <expression name="valueExpr">HelloValue</expression>
                    <text-property name="helpText">Help Text</text-property>
                    <list-property name="action">
		           		<structure>
	                        <expression name="uri">http://localhost:8080/blue</expression>
	                    </structure>
	                    </list-property>
                </image>
                <image name="Image4" id="9">
                    <property name="source">expr</property>
                    <expression name="typeExpr">Type Expression</expression>
                    <expression name="valueExpr">Value Expression</expression>
                </image>
            </contents>
        </graphic-master-page>
    </page-setup>
    <body>
        <image name="Body Image" id="10">
            <expression name="bookmark">No bookmark</expression>
            <property name="source">embed</property>
            <property name="fitToContainer">false</property>
            <property name="tagType">Figure</property>
            <property name="language">English</property>
            <property name="order">1</property>
            <property name="imageName">BodyImage</property>
            <text-property name="helpText" key="new resource key for body image help text">new body image help text</text-property>
            <list-property name="action">
	           	<structure>
	                <expression name="uri">http://localhost/body.jpg</expression>
	            </structure>
            </list-property>
        </image>
    </body>
</report>
