<?xml version="1.0" encoding="UTF-8"?>
<report xmlns="http://www.eclipse.org/birt/2005/design" version="3.2.23" id="1">
    <text-property name="title" key="TITLE_ID">Sample Report</text-property>
    <styles>
        <style name="My-Style" id="2">
            <property name="backgroundColor">yellow</property>
            <property name="fontFamily">"Times"</property>
            <property name="fontSize">12mm</property>
            <property name="fontWeight">bold</property>
        </style>
    </styles>
    <page-setup>
        <graphic-master-page name="My Page" id="3">
            <contents>
                <line id="4">
                    <property name="orientation">horizontal</property>
                </line>
            </contents>
        </graphic-master-page>
    </page-setup>
</report>
