<?xml version="1.0" encoding="UTF-8"?>
<report xmlns="http://www.eclipse.org/birt/2005/design" version="3.2.23" id="1">
    <data-sources>
        <oda-data-source name="myDataSource" id="2"/>
    </data-sources>
    <data-sets>
        <oda-data-set name="firstDataSet" id="3">
            <property name="dataSource">myDataSource</property>
        </oda-data-set>
    </data-sets>
    <page-setup>
        <graphic-master-page name="My Page" id="4">
            <property name="columns">1</property>
            <property name="columnSpacing">0.25mm</property>
        </graphic-master-page>
    </page-setup>
    <body>
        <list name="My List" id="5">
        	<expression name="altText" type="constant">Alt Text</expression>
            <property name="dataSet">firstDataSet</property>
            <method name="onPrepare"><![CDATA[new prepare on the list]]></method>
            <method name="onCreate"><![CDATA[new create on the list]]></method>
            <method name="onPageBreak"><![CDATA[new list page break]]></method>
            <property name="pageBreakInterval">100</property>
            <list-property name="sort">
                <structure>
                    <expression name="key">age</expression>
                    <property name="direction">asc</property>
                </structure>
                <structure>
                    <expression name="key">grade</expression>
                    <property name="direction">desc</property>
                </structure>
            </list-property>
            <list-property name="filter">
                <structure>
                    <property name="operator">lt</property>
                    <expression name="expr">filter expression</expression>
                    <simple-property-list name="value1">
                    	<value>value1 expression</value>
                    </simple-property-list>
                    <expression name="value2">value2 expression</expression>
                </structure>
            </list-property>           
            <header>
                <free-form id="6">
                    <property name="comments">Header Section</property>
                    <text-property name="displayName">The Section</text-property>
                </free-form>
            </header>
            <group id="7">
                <property name="groupName">group test</property>
                <property name="intervalBase">2006/01/01</property>
                <property name="interval">week</property>
                <property name="intervalRange">3.0</property>
                <property name="sortDirection">desc</property>
                <property name="sortType">none</property>
                <expression name="keyExpr">[Country]</expression>
                <expression name="bookmark">"newbookmark"</expression>
                <structure name="toc">
            		<expression name="expressionValue">toc1</expression>
            	</structure>
                <method name="onPrepare"><![CDATA[prepare]]></method>
                <method name="onPageBreak"><![CDATA[new page break]]></method>
                <property name="hideDetail">true</property>
                <method name="onCreate"><![CDATA[new create]]></method>
                <method name="onRender"><![CDATA[new render]]></method>
                <property name="showDetailFilter">true</property>
                <list-property name="sort">
                    <structure>
                        <expression name="key">name</expression>
                        <property name="direction">asc</property>
                    </structure>
                    <structure>
                        <expression name="key">birthday</expression>
                        <property name="direction">desc</property>
                    </structure>
                </list-property>
                <list-property name="filter">
                    <structure>
                        <property name="operator">lt</property>
                        <expression name="expr">filter expression</expression>
                        <simple-property-list name="value1">
                    		<value>value1 expression</value>
                    	</simple-property-list>
                        <expression name="value2">value2 expression</expression>
                    </structure>
                </list-property>
                <header>
                    <free-form id="8">
                        <property name="comments">Group Header Section</property>
                        <text-property name="displayName">The Section</text-property>
                    </free-form>
                </header>
                <footer>
                    <free-form id="9">
                        <property name="comments">Group Footer Section</property>
                        <text-property name="displayName">The Section</text-property>
                    </free-form>
                </footer>
            </group>
            <detail>
                <free-form id="10">
                    <property name="comments">Detail Section</property>
                    <text-property name="displayName">The Section</text-property>
                </free-form>
            </detail>
            <footer>
                <free-form id="11">
                    <property name="comments">Footer Section</property>
                    <text-property name="displayName">The Section</text-property>
                </free-form>
            </footer>
            <property name="tagType">Sect</property>
            <property name="language">English</property>
        </list>
        <list name="My List2" id="12"/>
    </body>
</report>
