<?xml version="1.0" encoding="UTF-8"?>
<report xmlns="http://www.eclipse.org/birt/2005/design" version="3.2.23" id="1">
    <parameters>
        <scalar-parameter name="Param 1" id="4">
            <property name="hidden">true</property>
            <text-property name="helpText" key="new resource key of the help text">new help text</text-property>
            <method name="validate"><![CDATA[new validation test]]></method>
            <property name="valueType">static</property>
            <property name="isRequired">false</property>
            <property name="dataSetName">ds1</property>
            <expression name="valueExpr">new value column</expression>
            <expression name="labelExpr">new label column</expression>
            <property name="sortBy">label</property>
            <expression name="sortByColumn">city</expression>
            <property name="sortDirection">asc</property>
            <property name="dataType">dateTime</property>
            <property name="distinct">false</property>
            <simple-property-list name="defaultValue">
                <value type="constant">new default value.&#13;
this the next line of the value.</value>
            </simple-property-list>
            <list-property name="selectionList">
                <structure>
                    <property name="value">option 1</property>
                    <property name="label">option 1 label</property>
                    <property name="labelID">key 1 for label 1</property>
                </structure>
                <structure>
                    <property name="value">option 2</property>
                    <property name="label">option 2 label</property>
                    <property name="labelID">key 2 for label 1</property>
                </structure>
                <structure>
                    <property name="value">option 3</property>
                </structure>
            </list-property>
            <property name="paramType">simple</property>
            <property name="concealValue">true</property>
            <property name="controlType">radio-button</property>
            <property name="alignment">right</property>
            <property name="mustMatch">false</property>
            <property name="fixedOrder">false</property>
            <property name="autoSuggestThreshold">600</property>
            <method name="getDefaultValueList"><![CDATA[new getDefaultValueList]]></method>
            <method name="getSelectionValueList"><![CDATA[new getSelectionValueList]]></method>
            <structure name="format">
                <property name="category">Custom</property>
                <property name="pattern">$***,***.**</property>
                <property name="locale">en_CA</property>
            </structure>
        </scalar-parameter>
        <scalar-parameter name="Param 2" id="5">
            <text-property name="promptText" key="ResourceKey.Parameter.PromptText">new Text</text-property>
            <property name="listLimit">300</property>
            <property name="valueType">static</property>
            <expression name="labelExpr">test column</expression>
            <property name="dataType">string</property>
            <property name="controlType">check-box</property>
            <structure name="format">
                <property name="locale">zh</property>
            </structure>
        </scalar-parameter>
        <scalar-parameter name="Param 3" id="6">
            <text-property name="promptText" key="ResourceKey.Parameter.PromptText">City</text-property>
            <property name="listLimit">100</property>
            <property name="valueType">dynamic</property>
            <property name="dataSetName">ds1</property>
            <expression name="valueExpr">row["test"]</expression>
            <expression name="labelExpr">test column</expression>
            <property name="dataType">string</property>
            <simple-property-list name="defaultValue">
                <value type="constant">default_value_1</value>
                <value isNull="true"/>
                <value type="constant">default_value_2</value>
                <value type="constant"></value>
            </simple-property-list>
            <property name="controlType">check-box</property>
            <structure name="format"/>
        </scalar-parameter>
        <scalar-parameter name="Param 4" id="7">
            <simple-property-list name="defaultValue">
                <value type="constant">value1</value>
                <value type="javascript">value2</value>
            </simple-property-list>
            <structure name="format">
                <property name="locale">test</property>
            </structure>
        </scalar-parameter>
    </parameters>
    <data-sources>
        <oda-data-source name="DataSource" id="2"/>
    </data-sources>
    <data-sets>
        <oda-data-set name="ds1" id="3">
            <property name="dataSource">DataSource</property>
        </oda-data-set>
    </data-sets>
    <page-setup>
        <graphic-master-page name="My Page" id="8">
            <contents>
                <label id="9">
                    <text-property name="text">First Page</text-property>
                </label>
            </contents>
        </graphic-master-page>
    </page-setup>
</report>
