<?xml version="1.0" encoding="UTF-8"?>
<report xmlns="http://www.eclipse.org/birt/2005/design" version="3.2.23" id="1">
    <property name="layoutPreference">auto layout</property>
    <data-sources>
        <oda-data-source name="myDataSource" id="2"/>
        <oda-data-source name="myDataSource2" id="3"/>
    </data-sources>
    <data-sets>
        <oda-data-set name="firstDataSet" id="4">
            <property name="dataSource">myDataSource</property>
        </oda-data-set>
    </data-sets>
    <body>
        <table name="My table" id="5">
            <property name="dataSet">firstDataSet</property>
            <property name="repeatHeader">true</property>
            <property name="pageBreakInterval">50</property>
            <text-property name="caption" key="blue he">bluehero</text-property>
            <header>
                <row id="6">
                    <cell id="7">
                        <label id="8">
                            <text-property name="text">Customer Name</text-property>
                        </label>
                    </cell>
                    <cell id="9">
                        <label id="10">
                            <text-property name="text">Address</text-property>
                        </label>
                    </cell>
                </row>
            </header>
            <group id="11">
                <property name="groupName">NewTableGroup1</property>
                <property name="interval">week</property>
                <property name="intervalRange">3.0</property>
                <property name="sortDirection">desc</property>
                <header>
                    <row id="12">
                        <cell id="13">
                            <label id="14">
                                <text-property name="text">Address1</text-property>
                            </label>
                        </cell>
                    </row>
                    <row id="15">
                        <cell id="16">
                            <label id="17">
                                <text-property name="text">Address2</text-property>
                            </label>
                        </cell>
                    </row>
                </header>
                <footer>
                    <row id="18">
                        <cell id="19">
                            <label id="20">
                                <text-property name="text">Address3</text-property>
                            </label>
                        </cell>
                    </row>
                </footer>
            </group>
            <detail>
                <row id="21">
                    <method name="onCreate"><![CDATA[fetch row on the table]]></method>
                    <cell id="22">
                        <label id="23">
                            <text-property name="text">Address</text-property>
                        </label>
                    </cell>
                </row>
            </detail>
            <footer>
                <row id="24">
                    <cell id="25">
                        <label id="26">
                            <text-property name="text">Address4</text-property>
                        </label>
                    </cell>
                </row>
            </footer>
        </table>
        <list name="My List" id="27">
            <property name="dataSet">firstDataSet</property>
            <property name="pageBreakInterval">50</property>
            <group id="28">
                <property name="groupName">group test</property>
                <property name="interval">week</property>
                <property name="intervalRange">3.0</property>
                <property name="sortDirection">desc</property>
                <header>
                    <table name="listgroupHeaderTable" id="29">
                        <property name="dataSet">firstDataSet</property>
                        <property name="pageBreakInterval">50</property>
                    </table>
                </header>
                <footer>
                    <table name="listgroupFooterTable" id="30">
                        <property name="dataSet">firstDataSet</property>
                        <property name="pageBreakInterval">50</property>
                    </table>
                </footer>
            </group>
            <detail>
                <table name="listDetailTable" id="31">
                    <property name="dataSet">firstDataSet</property>
                    <property name="pageBreakInterval">50</property>
                </table>
            </detail>
            <footer>
                <table name="listFooterTable" id="32">
                    <property name="dataSet">firstDataSet</property>
                    <property name="pageBreakInterval">50</property>
                </table>
            </footer>
        </list>
    </body>
    <scratch-pad>
        <table name="scratchpadTable" id="33">
            <property name="dataSet">firstDataSet</property>
            <property name="pageBreakInterval">50</property>
        </table>
    </scratch-pad>
</report>
