<?xml version="1.0" encoding="UTF-8"?>
<report xmlns="http://www.eclipse.org/birt/2005/design" version="3.2.23" id="1">
    <styles>
        <style name="My-Style" id="2"/>
    </styles>
    <page-setup>
        <graphic-master-page name="My Page" id="3">
            <property name="topMargin">0.95mm</property>
            <property name="leftMargin">0.8mm</property>
            <property name="bottomMargin">0.75mm</property>
            <property name="rightMargin">0.9mm</property>
            <property name="columns">1</property>
            <property name="columnSpacing">0.25mm</property>
            <contents>
                <label name="label1" id="4">
                    <property name="height">0.25mm</property>
                    <property name="width">2mm</property>
                    <property name="x">1mm</property>
                    <property name="y">0.5mm</property>
                    <text-property name="text">First Page</text-property>
                </label>
            </contents>
        </graphic-master-page>
    </page-setup>
    <body>
        <text-data name="Text Data" id="5">
            <expression name="altText" type="constant">Alt Text</expression>
            <expression name="valueExpr">new value expr</expression>
            <property name="contentType">rtf</property>
            <property name="hasExpression">false</property>
            <property name="tagType">Div</property>
            <property name="language">English</property>
            <property name="order">1</property>
        </text-data>
        <text-data name="Text Data2" id="6"/>
    </body>
</report>
