*****A new Report Start!*****
S:0 E:0 HONG KONG    Central    2004-10-01 00:00:00.0    T55224    28.0    4    1    1    112.0    1.0    28.0    

