2004-10-29 09:39:39  Message [Line Number:24 Error Code:DISPLAY_NAME_ID_REQUIRED ]
					 Exception [org.eclipse.birt.report.model.metadata.MetaDataReaderException: Line Number:24 Error Code:DISPLAY_NAME_ID_REQUIRED 
	at org.eclipse.birt.report.model.metadata.MetaDataHandler$ChoiceState.parseAttrs(MetaDataHandler.java:763)
	at org.eclipse.birt.report.model.util.XMLParserHandler.startElement(XMLParserHandler.java:174)
	at org.apache.crimson.parser.Parser2.maybeElement(Unknown Source)
	at org.apache.crimson.parser.Parser2.content(Unknown Source)
	at org.apache.crimson.parser.Parser2.maybeElement(Unknown Source)
	at org.apache.crimson.parser.Parser2.content(Unknown Source)
	at org.apache.crimson.parser.Parser2.maybeElement(Unknown Source)
	at org.apache.crimson.parser.Parser2.parseInternal(Unknown Source)
	at org.apache.crimson.parser.Parser2.parse(Unknown Source)
	at org.apache.crimson.parser.XMLReaderImpl.parse(Unknown Source)
	at javax.xml.parsers.SAXParser.parse(Unknown Source)
	at javax.xml.parsers.SAXParser.parse(Unknown Source)
	at org.eclipse.birt.report.model.metadata.MetaDataReader.read(MetaDataReader.java:98)
	at org.eclipse.birt.report.model.metadata.MetaLoggerTest.loadMeta(MetaLoggerTest.java:240)
	at org.eclipse.birt.report.model.metadata.MetaLoggerTest.test_DISPLAY_NAME_ID_REQUIRED(MetaLoggerTest.java:369)
	at sun.reflect.NativeMethodAccessorImpl.invoke0(Native Method)
	at sun.reflect.NativeMethodAccessorImpl.invoke(Unknown Source)
	at sun.reflect.DelegatingMethodAccessorImpl.invoke(Unknown Source)
	at java.lang.reflect.Method.invoke(Unknown Source)
	at junit.framework.TestCase.runTest(TestCase.java:154)
	at junit.framework.TestCase.runBare(TestCase.java:127)
	at junit.framework.TestResult$1.protect(TestResult.java:106)
	at junit.framework.TestResult.runProtected(TestResult.java:124)
	at junit.framework.TestResult.run(TestResult.java:109)
	at junit.framework.TestCase.run(TestCase.java:118)
	at junit.framework.TestSuite.runTest(TestSuite.java:208)
	at junit.framework.TestSuite.run(TestSuite.java:203)
	at org.eclipse.jdt.internal.junit.runner.RemoteTestRunner.runTests(RemoteTestRunner.java:421)
	at org.eclipse.jdt.internal.junit.runner.RemoteTestRunner.run(RemoteTestRunner.java:305)
	at org.eclipse.jdt.internal.junit.runner.RemoteTestRunner.main(RemoteTestRunner.java:186)
]
2004-10-29 09:39:40  Message [Line Number:356 Error Code:DISPLAY_NAME_ID_REQUIRED ]
					 Exception [org.eclipse.birt.report.model.metadata.MetaDataReaderException: Line Number:356 Error Code:DISPLAY_NAME_ID_REQUIRED 
	at org.eclipse.birt.report.model.metadata.MetaDataHandler$MemberState.parseAttrs(MetaDataHandler.java:309)
	at org.eclipse.birt.report.model.util.XMLParserHandler.startElement(XMLParserHandler.java:174)
	at org.apache.crimson.parser.Parser2.maybeElement(Unknown Source)
	at org.apache.crimson.parser.Parser2.content(Unknown Source)
	at org.apache.crimson.parser.Parser2.maybeElement(Unknown Source)
	at org.apache.crimson.parser.Parser2.content(Unknown Source)
	at org.apache.crimson.parser.Parser2.maybeElement(Unknown Source)
	at org.apache.crimson.parser.Parser2.parseInternal(Unknown Source)
	at org.apache.crimson.parser.Parser2.parse(Unknown Source)
	at org.apache.crimson.parser.XMLReaderImpl.parse(Unknown Source)
	at javax.xml.parsers.SAXParser.parse(Unknown Source)
	at javax.xml.parsers.SAXParser.parse(Unknown Source)
	at org.eclipse.birt.report.model.metadata.MetaDataReader.read(MetaDataReader.java:98)
	at org.eclipse.birt.report.model.metadata.MetaLoggerTest.loadMeta(MetaLoggerTest.java:240)
	at org.eclipse.birt.report.model.metadata.MetaLoggerTest.test_DISPLAY_NAME_ID_REQUIRED(MetaLoggerTest.java:369)
	at sun.reflect.NativeMethodAccessorImpl.invoke0(Native Method)
	at sun.reflect.NativeMethodAccessorImpl.invoke(Unknown Source)
	at sun.reflect.DelegatingMethodAccessorImpl.invoke(Unknown Source)
	at java.lang.reflect.Method.invoke(Unknown Source)
	at junit.framework.TestCase.runTest(TestCase.java:154)
	at junit.framework.TestCase.runBare(TestCase.java:127)
	at junit.framework.TestResult$1.protect(TestResult.java:106)
	at junit.framework.TestResult.runProtected(TestResult.java:124)
	at junit.framework.TestResult.run(TestResult.java:109)
	at junit.framework.TestCase.run(TestCase.java:118)
	at junit.framework.TestSuite.runTest(TestSuite.java:208)
	at junit.framework.TestSuite.run(TestSuite.java:203)
	at org.eclipse.jdt.internal.junit.runner.RemoteTestRunner.runTests(RemoteTestRunner.java:421)
	at org.eclipse.jdt.internal.junit.runner.RemoteTestRunner.run(RemoteTestRunner.java:305)
	at org.eclipse.jdt.internal.junit.runner.RemoteTestRunner.main(RemoteTestRunner.java:186)
]
2004-10-29 09:39:40  Message [Line Number:396 Error Code:DISPLAY_NAME_ID_REQUIRED ]
					 Exception [org.eclipse.birt.report.model.metadata.MetaDataReaderException: Line Number:396 Error Code:DISPLAY_NAME_ID_REQUIRED 
	at org.eclipse.birt.report.model.metadata.MetaDataHandler$StructDefnState.parseAttrs(MetaDataHandler.java:251)
	at org.eclipse.birt.report.model.util.XMLParserHandler.startElement(XMLParserHandler.java:174)
	at org.apache.crimson.parser.Parser2.maybeElement(Unknown Source)
	at org.apache.crimson.parser.Parser2.content(Unknown Source)
	at org.apache.crimson.parser.Parser2.maybeElement(Unknown Source)
	at org.apache.crimson.parser.Parser2.parseInternal(Unknown Source)
	at org.apache.crimson.parser.Parser2.parse(Unknown Source)
	at org.apache.crimson.parser.XMLReaderImpl.parse(Unknown Source)
	at javax.xml.parsers.SAXParser.parse(Unknown Source)
	at javax.xml.parsers.SAXParser.parse(Unknown Source)
	at org.eclipse.birt.report.model.metadata.MetaDataReader.read(MetaDataReader.java:98)
	at org.eclipse.birt.report.model.metadata.MetaLoggerTest.loadMeta(MetaLoggerTest.java:240)
	at org.eclipse.birt.report.model.metadata.MetaLoggerTest.test_DISPLAY_NAME_ID_REQUIRED(MetaLoggerTest.java:369)
	at sun.reflect.NativeMethodAccessorImpl.invoke0(Native Method)
	at sun.reflect.NativeMethodAccessorImpl.invoke(Unknown Source)
	at sun.reflect.DelegatingMethodAccessorImpl.invoke(Unknown Source)
	at java.lang.reflect.Method.invoke(Unknown Source)
	at junit.framework.TestCase.runTest(TestCase.java:154)
	at junit.framework.TestCase.runBare(TestCase.java:127)
	at junit.framework.TestResult$1.protect(TestResult.java:106)
	at junit.framework.TestResult.runProtected(TestResult.java:124)
	at junit.framework.TestResult.run(TestResult.java:109)
	at junit.framework.TestCase.run(TestCase.java:118)
	at junit.framework.TestSuite.runTest(TestSuite.java:208)
	at junit.framework.TestSuite.run(TestSuite.java:203)
	at org.eclipse.jdt.internal.junit.runner.RemoteTestRunner.runTests(RemoteTestRunner.java:421)
	at org.eclipse.jdt.internal.junit.runner.RemoteTestRunner.run(RemoteTestRunner.java:305)
	at org.eclipse.jdt.internal.junit.runner.RemoteTestRunner.main(RemoteTestRunner.java:186)
]
2004-10-29 09:39:40  Message [Line Number:487 Error Code:DISPLAY_NAME_ID_REQUIRED ]
					 Exception [org.eclipse.birt.report.model.metadata.MetaDataReaderException: Line Number:487 Error Code:DISPLAY_NAME_ID_REQUIRED 
	at org.eclipse.birt.report.model.metadata.MetaDataHandler$PropertyState.parseAttrs(MetaDataHandler.java:566)
	at org.eclipse.birt.report.model.util.XMLParserHandler.startElement(XMLParserHandler.java:174)
	at org.apache.crimson.parser.Parser2.maybeElement(Unknown Source)
	at org.apache.crimson.parser.Parser2.content(Unknown Source)
	at org.apache.crimson.parser.Parser2.maybeElement(Unknown Source)
	at org.apache.crimson.parser.Parser2.content(Unknown Source)
	at org.apache.crimson.parser.Parser2.maybeElement(Unknown Source)
	at org.apache.crimson.parser.Parser2.parseInternal(Unknown Source)
	at org.apache.crimson.parser.Parser2.parse(Unknown Source)
	at org.apache.crimson.parser.XMLReaderImpl.parse(Unknown Source)
	at javax.xml.parsers.SAXParser.parse(Unknown Source)
	at javax.xml.parsers.SAXParser.parse(Unknown Source)
	at org.eclipse.birt.report.model.metadata.MetaDataReader.read(MetaDataReader.java:98)
	at org.eclipse.birt.report.model.metadata.MetaLoggerTest.loadMeta(MetaLoggerTest.java:240)
	at org.eclipse.birt.report.model.metadata.MetaLoggerTest.test_DISPLAY_NAME_ID_REQUIRED(MetaLoggerTest.java:369)
	at sun.reflect.NativeMethodAccessorImpl.invoke0(Native Method)
	at sun.reflect.NativeMethodAccessorImpl.invoke(Unknown Source)
	at sun.reflect.DelegatingMethodAccessorImpl.invoke(Unknown Source)
	at java.lang.reflect.Method.invoke(Unknown Source)
	at junit.framework.TestCase.runTest(TestCase.java:154)
	at junit.framework.TestCase.runBare(TestCase.java:127)
	at junit.framework.TestResult$1.protect(TestResult.java:106)
	at junit.framework.TestResult.runProtected(TestResult.java:124)
	at junit.framework.TestResult.run(TestResult.java:109)
	at junit.framework.TestCase.run(TestCase.java:118)
	at junit.framework.TestSuite.runTest(TestSuite.java:208)
	at junit.framework.TestSuite.run(TestSuite.java:203)
	at org.eclipse.jdt.internal.junit.runner.RemoteTestRunner.runTests(RemoteTestRunner.java:421)
	at org.eclipse.jdt.internal.junit.runner.RemoteTestRunner.run(RemoteTestRunner.java:305)
	at org.eclipse.jdt.internal.junit.runner.RemoteTestRunner.main(RemoteTestRunner.java:186)
]
2004-10-29 09:39:40  Message [Line Number:510 Error Code:INVALID_STRUCT_TYPE ]
					 Exception [org.eclipse.birt.report.model.metadata.MetaDataReaderException: Line Number:510 Error Code:INVALID_STRUCT_TYPE 
	at org.eclipse.birt.report.model.metadata.MetaDataHandler$PropertyState.parseAttrs(MetaDataHandler.java:643)
	at org.eclipse.birt.report.model.util.XMLParserHandler.startElement(XMLParserHandler.java:174)
	at org.apache.crimson.parser.Parser2.maybeElement(Unknown Source)
	at org.apache.crimson.parser.Parser2.content(Unknown Source)
	at org.apache.crimson.parser.Parser2.maybeElement(Unknown Source)
	at org.apache.crimson.parser.Parser2.content(Unknown Source)
	at org.apache.crimson.parser.Parser2.maybeElement(Unknown Source)
	at org.apache.crimson.parser.Parser2.parseInternal(Unknown Source)
	at org.apache.crimson.parser.Parser2.parse(Unknown Source)
	at org.apache.crimson.parser.XMLReaderImpl.parse(Unknown Source)
	at javax.xml.parsers.SAXParser.parse(Unknown Source)
	at javax.xml.parsers.SAXParser.parse(Unknown Source)
	at org.eclipse.birt.report.model.metadata.MetaDataReader.read(MetaDataReader.java:98)
	at org.eclipse.birt.report.model.metadata.MetaLoggerTest.loadMeta(MetaLoggerTest.java:240)
	at org.eclipse.birt.report.model.metadata.MetaLoggerTest.test_DISPLAY_NAME_ID_REQUIRED(MetaLoggerTest.java:369)
	at sun.reflect.NativeMethodAccessorImpl.invoke0(Native Method)
	at sun.reflect.NativeMethodAccessorImpl.invoke(Unknown Source)
	at sun.reflect.DelegatingMethodAccessorImpl.invoke(Unknown Source)
	at java.lang.reflect.Method.invoke(Unknown Source)
	at junit.framework.TestCase.runTest(TestCase.java:154)
	at junit.framework.TestCase.runBare(TestCase.java:127)
	at junit.framework.TestResult$1.protect(TestResult.java:106)
	at junit.framework.TestResult.runProtected(TestResult.java:124)
	at junit.framework.TestResult.run(TestResult.java:109)
	at junit.framework.TestCase.run(TestCase.java:118)
	at junit.framework.TestSuite.runTest(TestSuite.java:208)
	at junit.framework.TestSuite.run(TestSuite.java:203)
	at org.eclipse.jdt.internal.junit.runner.RemoteTestRunner.runTests(RemoteTestRunner.java:421)
	at org.eclipse.jdt.internal.junit.runner.RemoteTestRunner.run(RemoteTestRunner.java:305)
	at org.eclipse.jdt.internal.junit.runner.RemoteTestRunner.main(RemoteTestRunner.java:186)
]
2004-10-29 09:39:40  Message [Line Number:523 Error Code:DISPLAY_NAME_ID_REQUIRED ]
					 Exception [org.eclipse.birt.report.model.metadata.MetaDataReaderException: Line Number:523 Error Code:DISPLAY_NAME_ID_REQUIRED 
	at org.eclipse.birt.report.model.metadata.MetaDataHandler$SlotState.parseAttrs(MetaDataHandler.java:819)
	at org.eclipse.birt.report.model.util.XMLParserHandler.startElement(XMLParserHandler.java:174)
	at org.apache.crimson.parser.Parser2.maybeElement(Unknown Source)
	at org.apache.crimson.parser.Parser2.content(Unknown Source)
	at org.apache.crimson.parser.Parser2.maybeElement(Unknown Source)
	at org.apache.crimson.parser.Parser2.content(Unknown Source)
	at org.apache.crimson.parser.Parser2.maybeElement(Unknown Source)
	at org.apache.crimson.parser.Parser2.parseInternal(Unknown Source)
	at org.apache.crimson.parser.Parser2.parse(Unknown Source)
	at org.apache.crimson.parser.XMLReaderImpl.parse(Unknown Source)
	at javax.xml.parsers.SAXParser.parse(Unknown Source)
	at javax.xml.parsers.SAXParser.parse(Unknown Source)
	at org.eclipse.birt.report.model.metadata.MetaDataReader.read(MetaDataReader.java:98)
	at org.eclipse.birt.report.model.metadata.MetaLoggerTest.loadMeta(MetaLoggerTest.java:240)
	at org.eclipse.birt.report.model.metadata.MetaLoggerTest.test_DISPLAY_NAME_ID_REQUIRED(MetaLoggerTest.java:369)
	at sun.reflect.NativeMethodAccessorImpl.invoke0(Native Method)
	at sun.reflect.NativeMethodAccessorImpl.invoke(Unknown Source)
	at sun.reflect.DelegatingMethodAccessorImpl.invoke(Unknown Source)
	at java.lang.reflect.Method.invoke(Unknown Source)
	at junit.framework.TestCase.runTest(TestCase.java:154)
	at junit.framework.TestCase.runBare(TestCase.java:127)
	at junit.framework.TestResult$1.protect(TestResult.java:106)
	at junit.framework.TestResult.runProtected(TestResult.java:124)
	at junit.framework.TestResult.run(TestResult.java:109)
	at junit.framework.TestCase.run(TestCase.java:118)
	at junit.framework.TestSuite.runTest(TestSuite.java:208)
	at junit.framework.TestSuite.run(TestSuite.java:203)
	at org.eclipse.jdt.internal.junit.runner.RemoteTestRunner.runTests(RemoteTestRunner.java:421)
	at org.eclipse.jdt.internal.junit.runner.RemoteTestRunner.run(RemoteTestRunner.java:305)
	at org.eclipse.jdt.internal.junit.runner.RemoteTestRunner.main(RemoteTestRunner.java:186)
]
2004-10-29 09:39:40  Message [Line Number:595 Error Code:DISPLAY_NAME_ID_REQUIRED ]
					 Exception [org.eclipse.birt.report.model.metadata.MetaDataReaderException: Line Number:595 Error Code:DISPLAY_NAME_ID_REQUIRED 
	at org.eclipse.birt.report.model.metadata.MetaDataHandler$ElementDefnState.parseAttrs(MetaDataHandler.java:417)
	at org.eclipse.birt.report.model.util.XMLParserHandler.startElement(XMLParserHandler.java:174)
	at org.apache.crimson.parser.Parser2.maybeElement(Unknown Source)
	at org.apache.crimson.parser.Parser2.content(Unknown Source)
	at org.apache.crimson.parser.Parser2.maybeElement(Unknown Source)
	at org.apache.crimson.parser.Parser2.parseInternal(Unknown Source)
	at org.apache.crimson.parser.Parser2.parse(Unknown Source)
	at org.apache.crimson.parser.XMLReaderImpl.parse(Unknown Source)
	at javax.xml.parsers.SAXParser.parse(Unknown Source)
	at javax.xml.parsers.SAXParser.parse(Unknown Source)
	at org.eclipse.birt.report.model.metadata.MetaDataReader.read(MetaDataReader.java:98)
	at org.eclipse.birt.report.model.metadata.MetaLoggerTest.loadMeta(MetaLoggerTest.java:240)
	at org.eclipse.birt.report.model.metadata.MetaLoggerTest.test_DISPLAY_NAME_ID_REQUIRED(MetaLoggerTest.java:369)
	at sun.reflect.NativeMethodAccessorImpl.invoke0(Native Method)
	at sun.reflect.NativeMethodAccessorImpl.invoke(Unknown Source)
	at sun.reflect.DelegatingMethodAccessorImpl.invoke(Unknown Source)
	at java.lang.reflect.Method.invoke(Unknown Source)
	at junit.framework.TestCase.runTest(TestCase.java:154)
	at junit.framework.TestCase.runBare(TestCase.java:127)
	at junit.framework.TestResult$1.protect(TestResult.java:106)
	at junit.framework.TestResult.runProtected(TestResult.java:124)
	at junit.framework.TestResult.run(TestResult.java:109)
	at junit.framework.TestCase.run(TestCase.java:118)
	at junit.framework.TestSuite.runTest(TestSuite.java:208)
	at junit.framework.TestSuite.run(TestSuite.java:203)
	at org.eclipse.jdt.internal.junit.runner.RemoteTestRunner.runTests(RemoteTestRunner.java:421)
	at org.eclipse.jdt.internal.junit.runner.RemoteTestRunner.run(RemoteTestRunner.java:305)
	at org.eclipse.jdt.internal.junit.runner.RemoteTestRunner.main(RemoteTestRunner.java:186)
]
2004-10-29 09:39:40  Message [Line Number:1476 Error Code:DISPLAY_NAME_ID_REQUIRED ]
					 Exception [org.eclipse.birt.report.model.metadata.MetaDataReaderException: Line Number:1476 Error Code:DISPLAY_NAME_ID_REQUIRED 
	at org.eclipse.birt.report.model.metadata.MetaDataHandler$StyleState.parseAttrs(MetaDataHandler.java:214)
	at org.eclipse.birt.report.model.util.XMLParserHandler.startElement(XMLParserHandler.java:174)
	at org.apache.crimson.parser.Parser2.maybeElement(Unknown Source)
	at org.apache.crimson.parser.Parser2.content(Unknown Source)
	at org.apache.crimson.parser.Parser2.maybeElement(Unknown Source)
	at org.apache.crimson.parser.Parser2.parseInternal(Unknown Source)
	at org.apache.crimson.parser.Parser2.parse(Unknown Source)
	at org.apache.crimson.parser.XMLReaderImpl.parse(Unknown Source)
	at javax.xml.parsers.SAXParser.parse(Unknown Source)
	at javax.xml.parsers.SAXParser.parse(Unknown Source)
	at org.eclipse.birt.report.model.metadata.MetaDataReader.read(MetaDataReader.java:98)
	at org.eclipse.birt.report.model.metadata.MetaLoggerTest.loadMeta(MetaLoggerTest.java:240)
	at org.eclipse.birt.report.model.metadata.MetaLoggerTest.test_DISPLAY_NAME_ID_REQUIRED(MetaLoggerTest.java:369)
	at sun.reflect.NativeMethodAccessorImpl.invoke0(Native Method)
	at sun.reflect.NativeMethodAccessorImpl.invoke(Unknown Source)
	at sun.reflect.DelegatingMethodAccessorImpl.invoke(Unknown Source)
	at java.lang.reflect.Method.invoke(Unknown Source)
	at junit.framework.TestCase.runTest(TestCase.java:154)
	at junit.framework.TestCase.runBare(TestCase.java:127)
	at junit.framework.TestResult$1.protect(TestResult.java:106)
	at junit.framework.TestResult.runProtected(TestResult.java:124)
	at junit.framework.TestResult.run(TestResult.java:109)
	at junit.framework.TestCase.run(TestCase.java:118)
	at junit.framework.TestSuite.runTest(TestSuite.java:208)
	at junit.framework.TestSuite.run(TestSuite.java:203)
	at org.eclipse.jdt.internal.junit.runner.RemoteTestRunner.runTests(RemoteTestRunner.java:421)
	at org.eclipse.jdt.internal.junit.runner.RemoteTestRunner.run(RemoteTestRunner.java:305)
	at org.eclipse.jdt.internal.junit.runner.RemoteTestRunner.main(RemoteTestRunner.java:186)
]
