
34.0		null		93.0		16.0		
34.0		null		93.0		16.0		
34.0		null		93.0		16.0		
34.0		null		93.0		16.0		
34.0		null		93.0		16.0		
34.0		null		93.0		16.0		
34.0		null		93.0		16.0		
34.0		null		93.0		16.0		