
		CN		CN		CN		CN		CN		CN		JP		JP		UN		UN		US		US		US		
		BJ		BJ		SH		SH		SZ		SZ		IL		TK		LD		LP		CS		LA		NY		
		CP		HD		PD		ZJ		S1		S2		P1		F1		D1		E1		B1		A1		C1		
2000		18.0		13.0		3.0		8.0		23.0		28.0		63.0		58.0		48.0		53.0		38.0		33.0		43.0		
2001		19.0		14.0		4.0		9.0		24.0		29.0		65.0		59.0		49.0		54.0		39.0		34.0		44.0		
2002		20.0		15.0		5.0		10.0		25.0		30.0		65.0		60.0		50.0		55.0		40.0		35.0		45.0		