
		CN		CN		CN		JP		JP		UN		UN		US		US		US		
		BJ		SZ		SZ		IL		TK		LD		LP		CS		LA		NY		
		CP		S1		S2		P1		F1		D1		E1		B1		A1		C1		
1998		null		21.0		26.0		61.0		56.0		46.0		51.0		36.0		31.0		41.0		
1999		null		22.0		27.0		62.0		57.0		47.0		52.0		37.0		32.0		42.0		
2000		null		23.0		28.0		63.0		58.0		48.0		53.0		38.0		33.0		43.0		
2001		19.0		24.0		29.0		65.0		59.0		49.0		54.0		39.0		34.0		44.0		
2002		20.0		25.0		30.0		65.0		60.0		50.0		55.0		40.0		35.0		45.0		