
1.0		null		
39.0		null		
null		2.0		
11.0		2.0		
11.0		18.0		
11.0		54.0		
34.0		54.0		
null		39.0		