
39.0		null		
39.0		null		
11.0		18.0		
11.0		18.0		
11.0		18.0		
11.0		18.0		
11.0		18.0		
null		null		