COL0  COL1  COL2  COL3  cc1  
 2     0     0     0     <null>    
 2     0     0     1     <null>    
 2     0     0     2     <null>